<html>
<body>
<pre>
<h1>礦ision Build Log</h1>
<h2>Tool Versions:</h2>
IDE-Version: μVision V5.24.2.0
Copyright (C) 2017 ARM Ltd and ARM Germany GmbH. All rights reserved.
License Information: A Admin, A, LIC=8VRJ7-EH91K-BSIYX-HEVS6-6GJ98-2F7FM
 
Tool Versions:
Toolchain:       MDK-ARM Plus  Version: 5.24.1
Toolchain Path:  D:\Programs\Keil5\ARM\ARMCC\Bin
C Compiler:      Armcc.exe V5.06 update 5 (build 528)
Assembler:       Armasm.exe V5.06 update 5 (build 528)
Linker/Locator:  ArmLink.exe V5.06 update 5 (build 528)
Library Manager: ArmAr.exe V5.06 update 5 (build 528)
Hex Converter:   FromElf.exe V5.06 update 5 (build 528)
CPU DLL:         SARMCM3.DLL V5.24.1
Dialog DLL:      DCM.DLL V1.16.0.0
Target DLL:      CMSIS_AGDI.dll V1.28.3.0
Dialog DLL:      TCM.DLL V1.32.0.0
 
<h2>Project:</h2>
e:\Keil Projects\测试用的文件\STM32F405RGT6\颜色识别跟踪\移植OV2640 （2.1.1 修正了阈值\USER\FATFS.uvprojx
Project File Date:  07/16/2023

<h2>Output:</h2>
*** Using Compiler 'V5.06 update 5 (build 528)', folder: 'D:\Programs\Keil5\ARM\ARMCC\Bin'
Build target 'FATFS'
compiling EasyTracered.c...
..\HARDWARE\EasyTracered\EasyTracered.c(349): warning:  #177-D: variable "j"  was declared but never referenced
  	uint16_t Xmin, Xmax, Ymin, Ymax, i, j, aa, FailCount = 0;
..\HARDWARE\EasyTracered\EasyTracered.c(349): warning:  #177-D: variable "aa"  was declared but never referenced
  	uint16_t Xmin, Xmax, Ymin, Ymax, i, j, aa, FailCount = 0;
..\HARDWARE\EasyTracered\EasyTracered.c(350): warning:  #177-D: variable "distance_X"  was declared but never referenced
  	uint16_t distance_X, dis_x, distance_Y, dis_y = 0;
..\HARDWARE\EasyTracered\EasyTracered.c(350): warning:  #177-D: variable "dis_x"  was declared but never referenced
  	uint16_t distance_X, dis_x, distance_Y, dis_y = 0;
..\HARDWARE\EasyTracered\EasyTracered.c(350): warning:  #177-D: variable "distance_Y"  was declared but never referenced
  	uint16_t distance_X, dis_x, distance_Y, dis_y = 0;
..\HARDWARE\EasyTracered\EasyTracered.c(350): warning:  #550-D: variable "dis_y"  was set but never used
  	uint16_t distance_X, dis_x, distance_Y, dis_y = 0;
..\HARDWARE\EasyTracered\EasyTracered.c: 6 warnings, 0 errors
linking...
Program Size: Code=43888 RO-data=17212 RW-data=1456 ZI-data=119440  
FromELF: creating hex file...
"..\OBJ\FATFS.axf" - 0 Error(s), 6 Warning(s).

<h2>Software Packages used:</h2>

Package Vendor: Keil
                http://www.keil.com/pack/Keil.STM32F4xx_DFP.1.0.8.pack
                Keil.STM32F4xx_DFP.1.0.8
                STMicroelectronics STM32F4 Series Device Support, Drivers and Examples

<h2>Collection of Component include folders:</h2>
  .\RTE\_FATFS
  D:\Programs\Keil5\ARM\PACK\Keil\STM32F4xx_DFP\1.0.8\Device\Include

<h2>Collection of Component Files used:</h2>
Build Time Elapsed:  00:00:01
</pre>
</body>
</html>
