Component: ARM Compiler 5.06 update 5 (build 528) Tool: armlink [4d35e2]

==============================================================================

Section Cross References

    main.o(.text) refers to misc.o(.text) for NVIC_PriorityGroupConfig
    main.o(.text) refers to delay.o(.text) for delay_init
    main.o(.text) refers to usart.o(.text) for uart_init
    main.o(.text) refers to led.o(.text) for LED_Init
    main.o(.text) refers to printf5.o(i.__0printf$5) for __2printf
    main.o(.text) refers to ov2640.o(.text) for OV2640_Init
    main.o(.text) refers to encoder.o(.text) for Encoder_Init
    main.o(.text) refers to w25qxx.o(.text) for W25QXX_Init
    main.o(.text) refers to malloc.o(.text) for my_mem_init
    main.o(.text) refers to ws2812b.o(.text) for PWM_WS2812B_Init
    main.o(.text) refers to exfuns.o(.text) for exfuns_init
    main.o(.text) refers to ff.o(.text) for f_mount
    main.o(.text) refers to key.o(.text) for Key_Init
    main.o(.text) refers to beeper.o(.text) for Beeper_Init
    main.o(.text) refers to random.o(.text) for TIM4_Random_Init
    main.o(.text) refers to st7789_init.o(.text) for ST7789_Init
    main.o(.text) refers to lcd.o(.text) for LCD_Color_Fill
    main.o(.text) refers to dcmi.o(.text) for My_DCMI_Init
    main.o(.text) refers to exfuns.o(.bss) for fs
    main.o(.text) refers to main.o(.bss) for lcd_buff
    main.o(.text) refers to main.o(.data) for Encoder_Num
    system_stm32f4xx.o(.text) refers to system_stm32f4xx.o(.data) for SystemCoreClock
    led.o(.text) refers to stm32f4xx_rcc.o(.text) for RCC_AHB1PeriphClockCmd
    led.o(.text) refers to stm32f4xx_gpio.o(.text) for GPIO_Init
    key.o(.text) refers to beeper.o(.text) for Beeper_Perform
    key.o(.text) refers to stm32f4xx_rcc.o(.text) for RCC_AHB1PeriphClockCmd
    key.o(.text) refers to stm32f4xx_gpio.o(.text) for GPIO_Init
    key.o(.text) refers to key.o(.data) for Key_KeyNumber
    key.o(.text) refers to beeper.o(.data) for BEEPER_TRITONE
    spi.o(.text) refers to stm32f4xx_spi.o(.text) for SPI_I2S_GetFlagStatus
    spi.o(.text) refers to stm32f4xx_rcc.o(.text) for RCC_AHB1PeriphClockCmd
    spi.o(.text) refers to stm32f4xx_gpio.o(.text) for GPIO_Init
    spi.o(.text) refers to delay.o(.text) for delay_us
    w25qxx.o(.text) refers to spi.o(.text) for SPI2_ReadWriteByte
    w25qxx.o(.text) refers to stm32f4xx_rcc.o(.text) for RCC_AHB1PeriphClockCmd
    w25qxx.o(.text) refers to stm32f4xx_gpio.o(.text) for GPIO_Init
    w25qxx.o(.text) refers to printf5.o(i.__0printf$5) for __2printf
    w25qxx.o(.text) refers to delay.o(.text) for delay_us
    w25qxx.o(.text) refers to w25qxx.o(.data) for W25QXX_TYPE
    w25qxx.o(.text) refers to w25qxx.o(.bss) for W25QXX_BUFFER
    mmc_sd.o(.text) refers to spi.o(.text) for SPI2_ReadWriteByte
    mmc_sd.o(.text) refers to stm32f4xx_rcc.o(.text) for RCC_AHB1PeriphClockCmd
    mmc_sd.o(.text) refers to stm32f4xx_gpio.o(.text) for GPIO_Init
    mmc_sd.o(.text) refers to mmc_sd.o(.data) for SD_Type
    ws2812b.o(.text) refers to stm32f4xx_rcc.o(.text) for RCC_AHB1PeriphClockCmd
    ws2812b.o(.text) refers to stm32f4xx_gpio.o(.text) for GPIO_Init
    ws2812b.o(.text) refers to stm32f4xx_tim.o(.text) for TIM_DeInit
    ws2812b.o(.text) refers to stm32f4xx_dma.o(.text) for DMA_DeInit
    ws2812b.o(.text) refers to delay.o(.text) for delay_ms
    ws2812b.o(.text) refers to ws2812b.o(.bss) for Single_WS2812B_Buffer
    encoder.o(.text) refers to stm32f4xx_rcc.o(.text) for RCC_AHB1PeriphClockCmd
    encoder.o(.text) refers to stm32f4xx_gpio.o(.text) for GPIO_Init
    encoder.o(.text) refers to stm32f4xx_tim.o(.text) for TIM_TimeBaseInit
    encoder.o(.text) refers to misc.o(.text) for NVIC_Init
    encoder.o(.text) refers to encoder.o(.data) for Encoder_ReturnNum1
    st7789_init.o(.text) refers to stm32f4xx_rcc.o(.text) for RCC_AHB1PeriphClockCmd
    st7789_init.o(.text) refers to stm32f4xx_gpio.o(.text) for GPIO_Init
    st7789_init.o(.text) refers to spi.o(.text) for LCD_Writ_Bus
    st7789_init.o(.text) refers to mydma.o(.text) for DMA2_Init
    st7789_init.o(.text) refers to delay.o(.text) for delay_ms
    mydma.o(.text) refers to stm32f4xx_rcc.o(.text) for RCC_AHB1PeriphClockCmd
    mydma.o(.text) refers to stm32f4xx_dma.o(.text) for DMA_DeInit
    mydma.o(.text) refers to mydma.o(.data) for color_buff
    lcd.o(.text) refers to st7789_init.o(.text) for LCD_Address_Set
    lcd.o(.text) refers to stm32f4xx_gpio.o(.text) for GPIO_ResetBits
    lcd.o(.text) refers to stm32f4xx_spi.o(.text) for SPI_DataSizeConfig
    lcd.o(.text) refers to stm32f4xx_dma.o(.text) for DMA_Cmd
    lcd.o(.text) refers to mydma.o(.data) for color_buff
    lcd.o(.text) refers to main.o(.bss) for lcd_buff
    lcd.o(.text) refers to lcd.o(.constdata) for tfont32
    oled.o(.text) refers to stm32f4xx_i2c.o(.text) for I2C_GetFlagStatus
    oled.o(.text) refers to oled.o(.bss) for OLED_GRAM
    oled.o(.text) refers to oled.o(.constdata) for asc2_0806
[...]
    .text                                    0x0800a8cc   Section        0  strcpy.o(.text)
    .text                                    0x0800a8de   Section        0  uldiv.o(.text)
    .text                                    0x0800a940   Section       36  init.o(.text)
    .text                                    0x0800a964   Section        0  llshl.o(.text)
    .text                                    0x0800a982   Section        0  llushr.o(.text)
    .text                                    0x0800a9a2   Section        0  __dczerorl2.o(.text)
    i.__0printf$5                            0x0800a9f8   Section        0  printf5.o(i.__0printf$5)
    i.__scatterload_copy                     0x0800aa18   Section       14  handlers.o(i.__scatterload_copy)
    i.__scatterload_null                     0x0800aa26   Section        2  handlers.o(i.__scatterload_null)
    i.__scatterload_zeroinit                 0x0800aa28   Section       14  handlers.o(i.__scatterload_zeroinit)
    i._printf_core                           0x0800aa38   Section        0  printf5.o(i._printf_core)
    _printf_core                             0x0800aa39   Thumb Code   658  printf5.o(i._printf_core)
    .constdata                               0x0800acf8   Section    14620  lcd.o(.constdata)
    .constdata                               0x0800e614   Section      124  beeper.o(.constdata)
    .constdata                               0x0800e690   Section      808  ov2640.o(.constdata)
    OV2640_AUTOEXPOSURE_LEVEL                0x0800e990   Data          40  ov2640.o(.constdata)
    .constdata                               0x0800e9b8   Section       36  malloc.o(.constdata)
    .constdata                               0x0800e9dc   Section       58  ff.o(.constdata)
    LfnOfs                                   0x0800e9dc   Data          13  ff.o(.constdata)
    vst                                      0x0800e9ea   Data          22  ff.o(.constdata)
    cst                                      0x0800ea00   Data          22  ff.o(.constdata)
    .constdata                               0x0800ea18   Section      112  exfuns.o(.constdata)
    .constdata                               0x0800ea88   Section      960  mycc936.o(.constdata)
    tbl_lower                                0x0800ea88   Data         480  mycc936.o(.constdata)
    tbl_upper                                0x0800ec68   Data         480  mycc936.o(.constdata)
    .conststring                             0x0800ee48   Section       68  exfuns.o(.conststring)
    .ARM.__AT_0x10000000                     0x10000000   Section     1024  malloc.o(.ARM.__AT_0x10000000)
    .ARM.__AT_0x10000400                     0x10000400   Section       64  malloc.o(.ARM.__AT_0x10000400)
    .data                                    0x20000000   Section        7  main.o(.data)
    .data                                    0x20000008   Section       20  system_stm32f4xx.o(.data)
    .data                                    0x2000001c   Section       12  key.o(.data)
    NowState                                 0x20000026   Data           1  key.o(.data)
    LastState                                0x20000027   Data           1  key.o(.data)
    .data                                    0x20000028   Section        2  w25qxx.o(.data)
    .data                                    0x2000002a   Section        1  mmc_sd.o(.data)
    .data                                    0x2000002b   Section        2  encoder.o(.data)
    Encoder_ReturnNum1                       0x2000002b   Data           1  encoder.o(.data)
    Encoder_ReturnNum2                       0x2000002c   Data           1  encoder.o(.data)
    .data                                    0x2000002e   Section        2  mydma.o(.data)
    .data                                    0x20000030   Section      312  beeper.o(.data)
    .data                                    0x20000168   Section        8  random.o(.data)
    .data                                    0x20000170   Section      938  dcmi.o(.data)
    .data                                    0x2000051c   Section       56  easytracered.o(.data)
    x0                                       0x2000051c   Data           4  easytracered.o(.data)
    y0                                       0x20000520   Data           4  easytracered.o(.data)
    flag                                     0x20000524   Data           4  easytracered.o(.data)
    Area                                     0x20000528   Data          16  easytracered.o(.data)
    x0                                       0x20000538   Data           4  easytracered.o(.data)
    y0                                       0x2000053c   Data           4  easytracered.o(.data)
    flag                                     0x20000540   Data           4  easytracered.o(.data)
    Area                                     0x20000544   Data          16  easytracered.o(.data)
    .data                                    0x20000554   Section        4  delay.o(.data)
    fac_us                                   0x20000554   Data           1  delay.o(.data)
    fac_ms                                   0x20000556   Data           2  delay.o(.data)
    .data                                    0x20000558   Section        6  usart.o(.data)
    .data                                    0x2000055e   Section       16  stm32f4xx_rcc.o(.data)
    APBAHBPrescTable                         0x2000055e   Data          16  stm32f4xx_rcc.o(.data)
    .data                                    0x20000570   Section       36  malloc.o(.data)
    .data                                    0x20000594   Section        2  diskio.o(.data)
    .data                                    0x20000596   Section        2  ff.o(.data)
    Fsid                                     0x20000596   Data           2  ff.o(.data)
    .data                                    0x20000598   Section       20  exfuns.o(.data)
    .data                                    0x200005ac   Section        4  rand.o(.data)
    _rand_state                              0x200005ac   Data           4  rand.o(.data)
    .bss                                     0x200005b0   Section    86400  main.o(.bss)
    .bss                                     0x20015730   Section     4096  w25qxx.o(.bss)
    .bss                                     0x20016730   Section     6344  ws2812b.o(.bss)
    .bss                                     0x20017ff8   Section       12  beeper.o(.bss)
    .bss                                     0x20018004   Section     8158  dcmi.o(.bss)
    .bss                                     0x20019fe2   Section      200  usart.o(.bss)
    .bss                                     0x2001a0c0   Section    10880  malloc.o(.bss)
    .bss                                     0x2001cb40   Section       12  ff.o(.bss)
    FatFs                                    0x2001cb40   Data          12  ff.o(.bss)
    .bss                                     0x2001cb4c   Section       80  exfuns.o(.bss)
    .bss                                     0x2001cb9c   Section       33  fontupd.o(.bss)
    STACK                                    0x2001cbc0   Section     1024  startup_stm32f40_41xxx.o(STACK)
    .ARM.__AT_0x68000000                     0x68000000   Section     1024  malloc.o(.ARM.__AT_0x68000000)
    .ARM.__AT_0x68000400                     0x68000400   Section       64  malloc.o(.ARM.__AT_0x68000400)

    Global Symbols

    Symbol Name                              Value     Ov Type        Size  Object(Section)

    BuildAttributes$$THM_ISAv4$E$P$D$K$B$S$7EM$VFPi3$EXTD16$VFPS$VFMA$PE$A:L22UL41UL21$X:L11$S22US41US21$IEEE1$IW$USESV6$~STKCKD$USESV7$~SHL$OSPACE$ROPI$EBA8$MICROLIB$REQ8$PRES8$EABIv2 0x00000000   Number         0  anon$$obj.o ABSOLUTE
    __ARM_use_no_argv                        0x00000000   Number         0  main.o ABSOLUTE
    __use_no_errno                           0x00000000   Number         0  useno.o ABSOLUTE
    __use_no_exception_handling              0x00000000   Number         0  useno.o ABSOLUTE
    __use_no_fp                              0x00000000   Number         0  useno.o ABSOLUTE
    __use_no_heap                            0x00000000   Number         0  useno.o ABSOLUTE
    __use_no_heap_region                     0x00000000   Number         0  useno.o ABSOLUTE
    __use_no_semihosting                     0x00000000   Number         0  useno.o ABSOLUTE
    __use_no_semihosting_swi                 0x00000000   Number         0  useno.o ABSOLUTE
    __use_no_signal_handling                 0x00000000   Number         0  useno.o ABSOLUTE
    _printf_a                                0x00000000   Number         0  stubs.o ABSOLUTE
    _printf_c                                0x00000000   Number         0  stubs.o ABSOLUTE
    _printf_charcount                        0x00000000   Number         0  stubs.o ABSOLUTE
    _printf_d                                0x00000000   Number         0  stubs.o ABSOLUTE
    _printf_e                                0x00000000   Number         0  stubs.o ABSOLUTE
    _printf_f                                0x00000000   Number         0  stubs.o ABSOLUTE
    _printf_flags                            0x00000000   Number         0  stubs.o ABSOLUTE
    _printf_fp_dec                           0x00000000   Number         0  stubs.o ABSOLUTE
    _printf_fp_hex                           0x00000000   Number         0  stubs.o ABSOLUTE
    _printf_g                                0x00000000   Number         0  stubs.o ABSOLUTE
    _printf_i                                0x00000000   Number         0  stubs.o ABSOLUTE
    _printf_int_dec                          0x00000000   Number         0  stubs.o ABSOLUTE
    _printf_l                                0x00000000   Number         0  stubs.o ABSOLUTE
    _printf_lc                               0x00000000   Number         0  stubs.o ABSOLUTE
    _printf_ll                               0x00000000   Number         0  stubs.o ABSOLUTE
    _printf_lld                              0x00000000   Number         0  stubs.o ABSOLUTE
    _printf_lli                              0x00000000   Number         0  stubs.o ABSOLUTE
    _printf_llo                              0x00000000   Number         0  stubs.o ABSOLUTE
    _printf_llu                              0x00000000   Number         0  stubs.o ABSOLUTE
    _printf_llx                              0x00000000   Number         0  stubs.o ABSOLUTE
    _printf_longlong_dec                     0x00000000   Number         0  stubs.o ABSOLUTE
    _printf_longlong_hex                     0x00000000   Number         0  stubs.o ABSOLUTE
    _printf_longlong_oct                     0x00000000   Number         0  stubs.o ABSOLUTE
    _printf_ls                               0x00000000   Number         0  stubs.o ABSOLUTE
    _printf_mbtowc                           0x00000000   Number         0  stubs.o ABSOLUTE
    _printf_n                                0x00000000   Number         0  stubs.o ABSOLUTE
    _printf_o                                0x00000000   Number         0  stubs.o ABSOLUTE
    _printf_p                                0x00000000   Number         0  stubs.o ABSOLUTE
    _printf_percent                          0x00000000   Number         0  stubs.o ABSOLUTE
    _printf_pre_padding                      0x00000000   Number         0  stubs.o ABSOLUTE
    _printf_return_value                     0x00000000   Number         0  stubs.o ABSOLUTE
    _printf_s                                0x00000000   Number         0  stubs.o ABSOLUTE
    _printf_sizespec                         0x00000000   Number         0  stubs.o ABSOLUTE
    _printf_str                              0x00000000   Number         0  stubs.o ABSOLUTE
    _printf_truncate_signed                  0x00000000   Number         0  stubs.o ABSOLUTE
    _printf_truncate_unsigned                0x00000000   Number         0  stubs.o ABSOLUTE
    _printf_u                                0x00000000   Number         0  stubs.o ABSOLUTE
    _printf_wc                               0x00000000   Number         0  stubs.o ABSOLUTE
    _printf_wctomb                           0x00000000   Number         0  stubs.o ABSOLUTE
    _printf_widthprec                        0x00000000   Number         0  stubs.o ABSOLUTE
    _printf_x                                0x00000000   Number         0  stubs.o ABSOLUTE
    __cpp_initialize__aeabi_                  - Undefined Weak Reference
    __cxa_finalize                            - Undefined Weak Reference
    _clock_init                               - Undefined Weak Reference
    _microlib_exit                            - Undefined Weak Reference
    __Vectors_Size                           0x00000188   Number         0  startup_stm32f40_41xxx.o ABSOLUTE
    __Vectors                                0x08000000   Data           4  startup_stm32f40_41xxx.o(RESET)
    __Vectors_End                            0x08000188   Data           0  startup_stm32f40_41xxx.o(RESET)
    __main                                   0x08000189   Thumb Code     0  entry.o(.ARM.Collect$$$$00000000)
    _main_stk                                0x08000189   Thumb Code     0  entry2.o(.ARM.Collect$$$$00000001)
    _main_scatterload                        0x0800018d   Thumb Code     0  entry5.o(.ARM.Collect$$$$00000004)
    __main_after_scatterload                 0x08000191   Thumb Code     0  entry5.o(.ARM.Collect$$$$00000004)
    _main_clock                              0x08000191   Thumb Code     0  entry7b.o(.ARM.Collect$$$$00000008)
    _main_cpp_init                           0x08000191   Thumb Code     0  entry8b.o(.ARM.Collect$$$$0000000A)
    _main_init                               0x08000191   Thumb Code     0  entry9a.o(.ARM.Collect$$$$0000000B)
    __rt_final_cpp                           0x08000199   Thumb Code     0  entry10a.o(.ARM.Collect$$$$0000000D)
    __rt_final_exit                          0x08000199   Thumb Code     0  entry11a.o(.ARM.Collect$$$$0000000F)
    main                                     0x0800019d   Thumb Code   256  main.o(.text)
    NMI_Handler                              0x080002ed   Thumb Code     2  stm32f4xx_it.o(.text)
    HardFault_Handler                        0x080002ef   Thumb Code     4  stm32f4xx_it.o(.text)
    MemManage_Handler                        0x080002f3   Thumb Code     4  stm32f4xx_it.o(.text)
    BusFault_Handler                         0x080002f7   Thumb Code     4  stm32f4xx_it.o(.text)
    UsageFault_Handler                       0x080002fb   Thumb Code     4  stm32f4xx_it.o(.text)
    SVC_Handler                              0x080002ff   Thumb Code     2  stm32f4xx_it.o(.text)
    DebugMon_Handler                         0x08000301   Thumb Code     2  stm32f4xx_it.o(.text)
    PendSV_Handler                           0x08000303   Thumb Code     2  stm32f4xx_it.o(.text)
    SysTick_Handler                          0x08000305   Thumb Code     2  stm32f4xx_it.o(.text)
    SystemInit                               0x080003e5   Thumb Code    88  system_stm32f4xx.o(.text)
    SystemCoreClockUpdate                    0x0800043d   Thumb Code   174  system_stm32f4xx.o(.text)
    LED_Init                                 0x08000519   Thumb Code    60  led.o(.text)
    Key_GetNum                               0x08000559   Thumb Code    42  key.o(.text)
    Key_Init                                 0x08000583   Thumb Code    50  key.o(.text)
    Key_GetState                             0x080005b5   Thumb Code    20  key.o(.text)
    Key_Loop                                 0x080005c9   Thumb Code   250  key.o(.text)
    SPI2_ReadWriteByte                       0x080006e1   Thumb Code    50  spi.o(.text)
    SPI2_Init                                0x08000713   Thumb Code   188  spi.o(.text)
    SPI2_SetSpeed                            0x080007cf   Thumb Code    36  spi.o(.text)
    SPI1_Init                                0x080007f3   Thumb Code   210  spi.o(.text)
    LCD_Writ_Bus                             0x080008c5   Thumb Code    50  spi.o(.text)
    W25QXX_ReadID                            0x08000909   Thumb Code    64  w25qxx.o(.text)
    W25QXX_Init                              0x08000949   Thumb Code    74  w25qxx.o(.text)
    W25QXX_ReadSR                            0x08000993   Thumb Code    36  w25qxx.o(.text)
    W25QXX_Write_SR                          0x080009b7   Thumb Code    32  w25qxx.o(.text)
    W25QXX_Write_Enable                      0x080009d7   Thumb Code    24  w25qxx.o(.text)
    W25QXX_Write_Disable                     0x080009ef   Thumb Code    24  w25qxx.o(.text)
    W25QXX_Read                              0x08000a07   Thumb Code    74  w25qxx.o(.text)
    W25QXX_Wait_Busy                         0x08000a51   Thumb Code    18  w25qxx.o(.text)
    W25QXX_Write_Page                        0x08000a63   Thumb Code    80  w25qxx.o(.text)
    W25QXX_Write_NoCheck                     0x08000ab3   Thumb Code    70  w25qxx.o(.text)
    W25QXX_Erase_Sector                      0x08000af9   Thumb Code    70  w25qxx.o(.text)
    W25QXX_Write                             0x08000b3f   Thumb Code   180  w25qxx.o(.text)
    W25QXX_Erase_Chip                        0x08000bf3   Thumb Code    36  w25qxx.o(.text)
    W25QXX_PowerDown                         0x08000c17   Thumb Code    30  w25qxx.o(.text)
    W25QXX_WAKEUP                            0x08000c35   Thumb Code    30  w25qxx.o(.text)
    SD_SPI_ReadWriteByte                     0x08000c71   Thumb Code    12  mmc_sd.o(.text)
    SD_SPI_SpeedLow                          0x08000c7d   Thumb Code    10  mmc_sd.o(.text)
    SD_SPI_SpeedHigh                         0x08000c87   Thumb Code    10  mmc_sd.o(.text)
    SD_SPI_Init                              0x08000c91   Thumb Code    66  mmc_sd.o(.text)
    SD_DisSelect                             0x08000cd3   Thumb Code    16  mmc_sd.o(.text)
    SD_WaitReady                             0x08000ce3   Thumb Code    34  mmc_sd.o(.text)
    SD_Select                                0x08000d05   Thumb Code    26  mmc_sd.o(.text)
    SD_GetResponse                           0x08000d1f   Thumb Code    38  mmc_sd.o(.text)
    SD_RecvData                              0x08000d45   Thumb Code    56  mmc_sd.o(.text)
    SD_SendBlock                             0x08000d7d   Thumb Code    82  mmc_sd.o(.text)
    SD_SendCmd                               0x08000dcf   Thumb Code   120  mmc_sd.o(.text)
    SD_GetCID                                0x08000e47   Thumb Code    42  mmc_sd.o(.text)
    SD_GetCSD                                0x08000e71   Thumb Code    42  mmc_sd.o(.text)
    SD_GetSectorCount                        0x08000e9b   Thumb Code   118  mmc_sd.o(.text)
    SD_Initialize                            0x08000f11   Thumb Code   386  mmc_sd.o(.text)
    SD_ReadDisk                              0x08001093   Thumb Code   128  mmc_sd.o(.text)
    SD_WriteDisk                             0x08001113   Thumb Code   140  mmc_sd.o(.text)
    PWM_WS2812B_Init                         0x080011a5   Thumb Code   286  ws2812b.o(.text)
    WS2812B_Write_24Bits                     0x080012c3   Thumb Code    62  ws2812b.o(.text)
    WS2812B_Write_24Bits_independence        0x08001301   Thumb Code    64  ws2812b.o(.text)
    WS2812B_Show                             0x08001341   Thumb Code    66  ws2812b.o(.text)
    PWM_WS2812B_Red                          0x08001383   Thumb Code    20  ws2812b.o(.text)
    PWM_WS2812B_Green                        0x08001397   Thumb Code    20  ws2812b.o(.text)
    PWM_WS2812B_Blue                         0x080013ab   Thumb Code    18  ws2812b.o(.text)
    set_ws2812_breathing                     0x080013bd   Thumb Code   212  ws2812b.o(.text)
    Encoder_Init                             0x080014a5   Thumb Code   210  encoder.o(.text)
    TIM3_IRQHandler                          0x08001577   Thumb Code    24  encoder.o(.text)
    Read_value                               0x0800158f   Thumb Code    30  encoder.o(.text)
    Encoder_GetNum                           0x080015ad   Thumb Code   112  encoder.o(.text)
    ST7789_GPIO_Init                         0x0800162d   Thumb Code    84  st7789_init.o(.text)
    LCD_WR_DATA8                             0x08001681   Thumb Code    12  st7789_init.o(.text)
    LCD_WR_DATA                              0x0800168d   Thumb Code    18  st7789_init.o(.text)
    LCD_WR_REG                               0x0800169f   Thumb Code    32  st7789_init.o(.text)
    LCD_Address_Set                          0x080016bf   Thumb Code    58  st7789_init.o(.text)
    ST7789_Init                              0x080016f9   Thumb Code   422  st7789_init.o(.text)
    DMA2_Init                                0x080018a9   Thumb Code   102  mydma.o(.text)
    LCD_Color_Fill                           0x0800191d   Thumb Code   228  lcd.o(.text)
    LCD_Fill                                 0x08001a01   Thumb Code    74  lcd.o(.text)
    LCD_Camera_Fill                          0x08001a4b   Thumb Code   204  lcd.o(.text)
    LCD_DrawPoint                            0x08001b17   Thumb Code    28  lcd.o(.text)
    LCD_DrawLine                             0x08001b33   Thumb Code   172  lcd.o(.text)
    LCD_DrawRectangle                        0x08001bdf   Thumb Code    74  lcd.o(.text)
    Draw_Circle                              0x08001c29   Thumb Code   158  lcd.o(.text)
    LCD_ShowChinese32x32                     0x08001cc7   Thumb Code   336  lcd.o(.text)
    LCD_ShowChinese24x24                     0x08001e17   Thumb Code   322  lcd.o(.text)
    LCD_ShowChinese16x16                     0x08001f59   Thumb Code   306  lcd.o(.text)
    LCD_ShowChinese12x12                     0x0800208b   Thumb Code   342  lcd.o(.text)
    LCD_ShowChinese                          0x080021e1   Thumb Code   140  lcd.o(.text)
    LCD_ShowChar                             0x0800226d   Thumb Code   328  lcd.o(.text)
    LCD_ShowString                           0x080023b5   Thumb Code    66  lcd.o(.text)
    mypow                                    0x080023f7   Thumb Code    22  lcd.o(.text)
    LCD_ShowIntNum                           0x0800240d   Thumb Code   150  lcd.o(.text)
    LCD_ShowFloatNum1                        0x080024a3   Thumb Code   174  lcd.o(.text)
    LCD_ShowPicture                          0x08002551   Thumb Code   130  lcd.o(.text)
    Camera_DrawPoint                         0x080025d3   Thumb Code    28  lcd.o(.text)
    Camera_DrawLine                          0x080025ef   Thumb Code   172  lcd.o(.text)
    Camera_DrawRectangle                     0x0800269b   Thumb Code    74  lcd.o(.text)
    Camera_ShowChar                          0x080026e5   Thumb Code   316  lcd.o(.text)
    Camera_ShowString                        0x08002821   Thumb Code    66  lcd.o(.text)
    TIM1_PWM_Init                            0x08002879   Thumb Code   110  beeper.o(.text)
    Beeper_Init                              0x080028e7   Thumb Code    78  beeper.o(.text)
    Set_Musical_Note                         0x08002935   Thumb Code    48  beeper.o(.text)
    Beeper_Perform                           0x08002965   Thumb Code    52  beeper.o(.text)
    Beeper_Proc                              0x08002999   Thumb Code   230  beeper.o(.text)
    TIM4_Random_Init                         0x08002a9d   Thumb Code   100  random.o(.text)
    RandomCreate                             0x08002b01   Thumb Code    32  random.o(.text)
    RandomCreateAgain                        0x08002b21   Thumb Code    32  random.o(.text)
    TIM4_IRQHandler                          0x08002b41   Thumb Code   106  random.o(.text)
    Find_color_block_pos_y1                  0x08002bd1   Thumb Code   154  dcmi.o(.text)
    Find_color_block_pos_y2                  0x08002c6b   Thumb Code   160  dcmi.o(.text)
    Find_color_block_pos_x1                  0x08002d0b   Thumb Code   150  dcmi.o(.text)
    Find_color_block_pos_x2                  0x08002da1   Thumb Code   152  dcmi.o(.text)
    Template_cut                             0x08002e39   Thumb Code   226  dcmi.o(.text)
    Template_match                           0x08002f1b   Thumb Code   904  dcmi.o(.text)
    DCMI_Start                               0x080032a3   Thumb Code    18  dcmi.o(.text)
    DCMI_Stop                                0x080032b5   Thumb Code    32  dcmi.o(.text)
    DCMI_IRQHandler                          0x080032d5   Thumb Code   652  dcmi.o(.text)
    DCMI_DMA_Init                            0x08003561   Thumb Code   102  dcmi.o(.text)
    My_DCMI_Init                             0x080035c7   Thumb Code   268  dcmi.o(.text)
    DCMI_Set_Window                          0x080036d3   Thumb Code    42  dcmi.o(.text)
    DCMI_CR_Set                              0x080036fd   Thumb Code    58  dcmi.o(.text)
    OV2640_Init                              0x0800377d   Thumb Code   238  ov2640.o(.text)
    OV2640_JPEG_Mode                         0x0800386b   Thumb Code    66  ov2640.o(.text)
    OV2640_RGB565_Mode                       0x080038ad   Thumb Code    36  ov2640.o(.text)
    OV2640_Auto_Exposure                     0x080038d1   Thumb Code    40  ov2640.o(.text)
    OV2640_Light_Mode                        0x080038f9   Thumb Code   118  ov2640.o(.text)
    OV2640_Color_Saturation                  0x0800396f   Thumb Code    64  ov2640.o(.text)
    OV2640_Brightness                        0x080039af   Thumb Code    56  ov2640.o(.text)
    OV2640_Contrast                          0x080039e7   Thumb Code   116  ov2640.o(.text)
    OV2640_Special_Effects                   0x08003a5b   Thumb Code   122  ov2640.o(.text)
    OV2640_Color_Bar                         0x08003ad5   Thumb Code    40  ov2640.o(.text)
    OV2640_Window_Set                        0x08003afd   Thumb Code   220  ov2640.o(.text)
    OV2640_OutSize_Set                       0x08003bd9   Thumb Code   136  ov2640.o(.text)
    OV2640_ImageWin_Set                      0x08003c61   Thumb Code   188  ov2640.o(.text)
    OV2640_ImageSize_Set                     0x08003d1d   Thumb Code    80  ov2640.o(.text)
    SCCB_Init                                0x08003d6d   Thumb Code   112  sccb.o(.text)
    SCCB_Start                               0x08003ddd   Thumb Code    42  sccb.o(.text)
    SCCB_Stop                                0x08003e07   Thumb Code    42  sccb.o(.text)
    SCCB_No_Ack                              0x08003e31   Thumb Code    56  sccb.o(.text)
    SCCB_WR_Byte                             0x08003e69   Thumb Code   154  sccb.o(.text)
    SCCB_RD_Byte                             0x08003f03   Thumb Code   104  sccb.o(.text)
    SCCB_WR_Reg                              0x08003f6b   Thumb Code    62  sccb.o(.text)
    SCCB_RD_Reg                              0x08003fa9   Thumb Code    78  sccb.o(.text)
    Gray                                     0x08004005   Thumb Code   194  easytracered.o(.text)
    LCD_ReadPoint                            0x080040c7   Thumb Code    16  easytracered.o(.text)
    Trace                                    0x0800448f   Thumb Code   240  easytracered.o(.text)
    BlackTrace                               0x08004793   Thumb Code   220  easytracered.o(.text)
    delay_init                               0x08004891   Thumb Code    52  delay.o(.text)
    delay_us                                 0x080048c5   Thumb Code    72  delay.o(.text)
    delay_xms                                0x0800490d   Thumb Code    72  delay.o(.text)
    delay_ms                                 0x08004955   Thumb Code    56  delay.o(.text)
    _sys_exit                                0x08004995   Thumb Code     4  usart.o(.text)
    fputc                                    0x08004999   Thumb Code    22  usart.o(.text)
    uart_init                                0x080049af   Thumb Code   164  usart.o(.text)
    USART1_IRQHandler                        0x08004a53   Thumb Code   122  usart.o(.text)
    Reset_Handler                            0x08004add   Thumb Code     8  startup_stm32f40_41xxx.o(.text)
    ADC_IRQHandler                           0x08004af7   Thumb Code     0  startup_stm32f40_41xxx.o(.text)
    CAN1_RX0_IRQHandler                      0x08004af7   Thumb Code     0  startup_stm32f40_41xxx.o(.text)
    CAN1_RX1_IRQHandler                      0x08004af7   Thumb Code     0  startup_stm32f40_41xxx.o(.text)
    CAN1_SCE_IRQHandler                      0x08004af7   Thumb Code     0  startup_stm32f40_41xxx.o(.text)
    CAN1_TX_IRQHandler                       0x08004af7   Thumb Code     0  startup_stm32f40_41xxx.o(.text)
    CAN2_RX0_IRQHandler                      0x08004af7   Thumb Code     0  startup_stm32f40_41xxx.o(.text)
    CAN2_RX1_IRQHandler                      0x08004af7   Thumb Code     0  startup_stm32f40_41xxx.o(.text)
    CAN2_SCE_IRQHandler                      0x08004af7   Thumb Code     0  startup_stm32f40_41xxx.o(.text)
    CAN2_TX_IRQHandler                       0x08004af7   Thumb Code     0  startup_stm32f40_41xxx.o(.text)
    CRYP_IRQHandler                          0x08004af7   Thumb Code     0  startup_stm32f40_41xxx.o(.text)
    DMA1_Stream0_IRQHandler                  0x08004af7   Thumb Code     0  startup_stm32f40_41xxx.o(.text)
    DMA1_Stream1_IRQHandler                  0x08004af7   Thumb Code     0  startup_stm32f40_41xxx.o(.text)
    DMA1_Stream2_IRQHandler                  0x08004af7   Thumb Code     0  startup_stm32f40_41xxx.o(.text)
    DMA1_Stream3_IRQHandler                  0x08004af7   Thumb Code     0  startup_stm32f40_41xxx.o(.text)
    DMA1_Stream4_IRQHandler                  0x08004af7   Thumb Code     0  startup_stm32f40_41xxx.o(.text)
    DMA1_Stream5_IRQHandler                  0x08004af7   Thumb Code     0  startup_stm32f40_41xxx.o(.text)
    DMA1_Stream6_IRQHandler                  0x08004af7   Thumb Code     0  startup_stm32f40_41xxx.o(.text)
    DMA1_Stream7_IRQHandler                  0x08004af7   Thumb Code     0  startup_stm32f40_41xxx.o(.text)
    DMA2_Stream0_IRQHandler                  0x08004af7   Thumb Code     0  startup_stm32f40_41xxx.o(.text)
    DMA2_Stream1_IRQHandler                  0x08004af7   Thumb Code     0  startup_stm32f40_41xxx.o(.text)
    DMA2_Stream2_IRQHandler                  0x08004af7   Thumb Code     0  startup_stm32f40_41xxx.o(.text)
    DMA2_Stream3_IRQHandler                  0x08004af7   Thumb Code     0  startup_stm32f40_41xxx.o(.text)
    DMA2_Stream4_IRQHandler                  0x08004af7   Thumb Code     0  startup_stm32f40_41xxx.o(.text)
    DMA2_Stream5_IRQHandler                  0x08004af7   Thumb Code     0  startup_stm32f40_41xxx.o(.text)
    DMA2_Stream6_IRQHandler                  0x08004af7   Thumb Code     0  startup_stm32f40_41xxx.o(.text)
    DMA2_Stream7_IRQHandler                  0x08004af7   Thumb Code     0  startup_stm32f40_41xxx.o(.text)
    ETH_IRQHandler                           0x08004af7   Thumb Code     0  startup_stm32f40_41xxx.o(.text)
    ETH_WKUP_IRQHandler                      0x08004af7   Thumb Code     0  startup_stm32f40_41xxx.o(.text)
    EXTI0_IRQHandler                         0x08004af7   Thumb Code     0  startup_stm32f40_41xxx.o(.text)
    EXTI15_10_IRQHandler                     0x08004af7   Thumb Code     0  startup_stm32f40_41xxx.o(.text)
    EXTI1_IRQHandler                         0x08004af7   Thumb Code     0  startup_stm32f40_41xxx.o(.text)
    EXTI2_IRQHandler                         0x08004af7   Thumb Code     0  startup_stm32f40_41xxx.o(.text)
    EXTI3_IRQHandler                         0x08004af7   Thumb Code     0  startup_stm32f40_41xxx.o(.text)
    EXTI4_IRQHandler                         0x08004af7   Thumb Code     0  startup_stm32f40_41xxx.o(.text)
    EXTI9_5_IRQHandler                       0x08004af7   Thumb Code     0  startup_stm32f40_41xxx.o(.text)
    FLASH_IRQHandler                         0x08004af7   Thumb Code     0  startup_stm32f40_41xxx.o(.text)
    FPU_IRQHandler                           0x08004af7   Thumb Code     0  startup_stm32f40_41xxx.o(.text)
    FSMC_IRQHandler                          0x08004af7   Thumb Code     0  startup_stm32f40_41xxx.o(.text)
    HASH_RNG_IRQHandler                      0x08004af7   Thumb Code     0  startup_stm32f40_41xxx.o(.text)
    I2C1_ER_IRQHandler                       0x08004af7   Thumb Code     0  startup_stm32f40_41xxx.o(.text)
    I2C1_EV_IRQHandler                       0x08004af7   Thumb Code     0  startup_stm32f40_41xxx.o(.text)
    I2C2_ER_IRQHandler                       0x08004af7   Thumb Code     0  startup_stm32f40_41xxx.o(.text)
    I2C2_EV_IRQHandler                       0x08004af7   Thumb Code     0  startup_stm32f40_41xxx.o(.text)
    I2C3_ER_IRQHandler                       0x08004af7   Thumb Code     0  startup_stm32f40_41xxx.o(.text)
    I2C3_EV_IRQHandler                       0x08004af7   Thumb Code     0  startup_stm32f40_41xxx.o(.text)
    OTG_FS_IRQHandler                        0x08004af7   Thumb Code     0  startup_stm32f40_41xxx.o(.text)
    OTG_FS_WKUP_IRQHandler                   0x08004af7   Thumb Code     0  startup_stm32f40_41xxx.o(.text)
    OTG_HS_EP1_IN_IRQHandler                 0x08004af7   Thumb Code     0  startup_stm32f40_41xxx.o(.text)
    OTG_HS_EP1_OUT_IRQHandler                0x08004af7   Thumb Code     0  startup_stm32f40_41xxx.o(.text)
    OTG_HS_IRQHandler                        0x08004af7   Thumb Code     0  startup_stm32f40_41xxx.o(.text)
    OTG_HS_WKUP_IRQHandler                   0x08004af7   Thumb Code     0  startup_stm32f40_41xxx.o(.text)
    PVD_IRQHandler                           0x08004af7   Thumb Code     0  startup_stm32f40_41xxx.o(.text)
    RCC_IRQHandler                           0x08004af7   Thumb Code     0  startup_stm32f40_41xxx.o(.text)
    RTC_Alarm_IRQHandler                     0x08004af7   Thumb Code     0  startup_stm32f40_41xxx.o(.text)
    RTC_WKUP_IRQHandler                      0x08004af7   Thumb Code     0  startup_stm32f40_41xxx.o(.text)
    SDIO_IRQHandler                          0x08004af7   Thumb Code     0  startup_stm32f40_41xxx.o(.text)
    SPI1_IRQHandler                          0x08004af7   Thumb Code     0  startup_stm32f40_41xxx.o(.text)
    SPI2_IRQHandler                          0x08004af7   Thumb Code     0  startup_stm32f40_41xxx.o(.text)
    SPI3_IRQHandler                          0x08004af7   Thumb Code     0  startup_stm32f40_41xxx.o(.text)
    TAMP_STAMP_IRQHandler                    0x08004af7   Thumb Code     0  startup_stm32f40_41xxx.o(.text)
    TIM1_BRK_TIM9_IRQHandler                 0x08004af7   Thumb Code     0  startup_stm32f40_41xxx.o(.text)
    TIM1_CC_IRQHandler                       0x08004af7   Thumb Code     0  startup_stm32f40_41xxx.o(.text)
    TIM1_TRG_COM_TIM11_IRQHandler            0x08004af7   Thumb Code     0  startup_stm32f40_41xxx.o(.text)
    TIM1_UP_TIM10_IRQHandler                 0x08004af7   Thumb Code     0  startup_stm32f40_41xxx.o(.text)
    TIM2_IRQHandler                          0x08004af7   Thumb Code     0  startup_stm32f40_41xxx.o(.text)
    TIM5_IRQHandler                          0x08004af7   Thumb Code     0  startup_stm32f40_41xxx.o(.text)
    TIM6_DAC_IRQHandler                      0x08004af7   Thumb Code     0  startup_stm32f40_41xxx.o(.text)
    TIM7_IRQHandler                          0x08004af7   Thumb Code     0  startup_stm32f40_41xxx.o(.text)
    TIM8_BRK_TIM12_IRQHandler                0x08004af7   Thumb Code     0  startup_stm32f40_41xxx.o(.text)
    TIM8_CC_IRQHandler                       0x08004af7   Thumb Code     0  startup_stm32f40_41xxx.o(.text)
    TIM8_TRG_COM_TIM14_IRQHandler            0x08004af7   Thumb Code     0  startup_stm32f40_41xxx.o(.text)
    TIM8_UP_TIM13_IRQHandler                 0x08004af7   Thumb Code     0  startup_stm32f40_41xxx.o(.text)
    UART4_IRQHandler                         0x08004af7   Thumb Code     0  startup_stm32f40_41xxx.o(.text)
    UART5_IRQHandler                         0x08004af7   Thumb Code     0  startup_stm32f40_41xxx.o(.text)
    USART2_IRQHandler                        0x08004af7   Thumb Code     0  startup_stm32f40_41xxx.o(.text)
    USART3_IRQHandler                        0x08004af7   Thumb Code     0  startup_stm32f40_41xxx.o(.text)
    USART6_IRQHandler                        0x08004af7   Thumb Code     0  startup_stm32f40_41xxx.o(.text)
    WWDG_IRQHandler                          0x08004af7   Thumb Code     0  startup_stm32f40_41xxx.o(.text)
    NVIC_PriorityGroupConfig                 0x08004b01   Thumb Code    10  misc.o(.text)
    NVIC_Init                                0x08004b0b   Thumb Code   106  misc.o(.text)
    NVIC_SetVectorTable                      0x08004b75   Thumb Code    14  misc.o(.text)
    NVIC_SystemLPConfig                      0x08004b83   Thumb Code    34  misc.o(.text)
    SysTick_CLKSourceConfig                  0x08004ba5   Thumb Code    40  misc.o(.text)
    GPIO_DeInit                              0x08004be1   Thumb Code   268  stm32f4xx_gpio.o(.text)
    GPIO_Init                                0x08004ced   Thumb Code   144  stm32f4xx_gpio.o(.text)
    GPIO_StructInit                          0x08004d7d   Thumb Code    18  stm32f4xx_gpio.o(.text)
    GPIO_PinLockConfig                       0x08004d8f   Thumb Code    34  stm32f4xx_gpio.o(.text)
    GPIO_ReadInputDataBit                    0x08004db1   Thumb Code    18  stm32f4xx_gpio.o(.text)
    GPIO_ReadInputData                       0x08004dc3   Thumb Code     8  stm32f4xx_gpio.o(.text)
    GPIO_ReadOutputDataBit                   0x08004dcb   Thumb Code    18  stm32f4xx_gpio.o(.text)
    GPIO_ReadOutputData                      0x08004ddd   Thumb Code     8  stm32f4xx_gpio.o(.text)
    GPIO_SetBits                             0x08004de5   Thumb Code     4  stm32f4xx_gpio.o(.text)
    GPIO_ResetBits                           0x08004de9   Thumb Code     4  stm32f4xx_gpio.o(.text)
    GPIO_WriteBit                            0x08004ded   Thumb Code    10  stm32f4xx_gpio.o(.text)
    GPIO_Write                               0x08004df7   Thumb Code     4  stm32f4xx_gpio.o(.text)
    GPIO_ToggleBits                          0x08004dfb   Thumb Code     8  stm32f4xx_gpio.o(.text)
    GPIO_PinAFConfig                         0x08004e03   Thumb Code    70  stm32f4xx_gpio.o(.text)
    RCC_DeInit                               0x08004e75   Thumb Code    82  stm32f4xx_rcc.o(.text)
    RCC_HSEConfig                            0x08004ec7   Thumb Code    14  stm32f4xx_rcc.o(.text)
    RCC_GetFlagStatus                        0x08004ed5   Thumb Code    60  stm32f4xx_rcc.o(.text)
    RCC_WaitForHSEStartUp                    0x08004f11   Thumb Code    56  stm32f4xx_rcc.o(.text)
    RCC_AdjustHSICalibrationValue            0x08004f49   Thumb Code    20  stm32f4xx_rcc.o(.text)
    RCC_HSICmd                               0x08004f5d   Thumb Code     6  stm32f4xx_rcc.o(.text)
    RCC_LSEConfig                            0x08004f63   Thumb Code    46  stm32f4xx_rcc.o(.text)
    RCC_LSICmd                               0x08004f91   Thumb Code     6  stm32f4xx_rcc.o(.text)
    RCC_PLLConfig                            0x08004f97   Thumb Code    32  stm32f4xx_rcc.o(.text)
    RCC_PLLCmd                               0x08004fb7   Thumb Code     6  stm32f4xx_rcc.o(.text)
    RCC_PLLI2SConfig                         0x08004fbd   Thumb Code    14  stm32f4xx_rcc.o(.text)
    RCC_PLLI2SCmd                            0x08004fcb   Thumb Code     6  stm32f4xx_rcc.o(.text)
    RCC_PLLSAIConfig                         0x08004fd1   Thumb Code    20  stm32f4xx_rcc.o(.text)
    RCC_PLLSAICmd                            0x08004fe5   Thumb Code     6  stm32f4xx_rcc.o(.text)
    RCC_ClockSecuritySystemCmd               0x08004feb   Thumb Code     6  stm32f4xx_rcc.o(.text)
    RCC_MCO1Config                           0x08004ff1   Thumb Code    28  stm32f4xx_rcc.o(.text)
    RCC_MCO2Config                           0x0800500d   Thumb Code    28  stm32f4xx_rcc.o(.text)
    RCC_SYSCLKConfig                         0x08005029   Thumb Code    20  stm32f4xx_rcc.o(.text)
    RCC_GetSYSCLKSource                      0x0800503d   Thumb Code    12  stm32f4xx_rcc.o(.text)
    RCC_HCLKConfig                           0x08005049   Thumb Code    20  stm32f4xx_rcc.o(.text)
    RCC_PCLK1Config                          0x0800505d   Thumb Code    20  stm32f4xx_rcc.o(.text)
    RCC_PCLK2Config                          0x08005071   Thumb Code    22  stm32f4xx_rcc.o(.text)
    RCC_GetClocksFreq                        0x08005087   Thumb Code   222  stm32f4xx_rcc.o(.text)
    RCC_RTCCLKConfig                         0x08005165   Thumb Code    54  stm32f4xx_rcc.o(.text)
    RCC_RTCCLKCmd                            0x0800519b   Thumb Code     8  stm32f4xx_rcc.o(.text)
    RCC_BackupResetCmd                       0x080051a3   Thumb Code     8  stm32f4xx_rcc.o(.text)
    RCC_I2SCLKConfig                         0x080051ab   Thumb Code     6  stm32f4xx_rcc.o(.text)
    RCC_SAIPLLI2SClkDivConfig                0x080051b1   Thumb Code    26  stm32f4xx_rcc.o(.text)
    RCC_SAIPLLSAIClkDivConfig                0x080051cb   Thumb Code    28  stm32f4xx_rcc.o(.text)
    RCC_SAIBlockACLKConfig                   0x080051e7   Thumb Code    20  stm32f4xx_rcc.o(.text)
    RCC_SAIBlockBCLKConfig                   0x080051fb   Thumb Code    20  stm32f4xx_rcc.o(.text)
    RCC_LTDCCLKDivConfig                     0x0800520f   Thumb Code    20  stm32f4xx_rcc.o(.text)
    RCC_TIMCLKPresConfig                     0x08005223   Thumb Code     6  stm32f4xx_rcc.o(.text)
    RCC_AHB1PeriphClockCmd                   0x08005229   Thumb Code    34  stm32f4xx_rcc.o(.text)
    RCC_AHB2PeriphClockCmd                   0x0800524b   Thumb Code    78  stm32f4xx_rcc.o(.text)
    RCC_AHB3PeriphClockCmd                   0x08005299   Thumb Code    34  stm32f4xx_rcc.o(.text)
    RCC_APB1PeriphClockCmd                   0x080052bb   Thumb Code    34  stm32f4xx_rcc.o(.text)
    RCC_APB2PeriphClockCmd                   0x080052dd   Thumb Code    34  stm32f4xx_rcc.o(.text)
    RCC_AHB1PeriphResetCmd                   0x080052ff   Thumb Code    34  stm32f4xx_rcc.o(.text)
    RCC_AHB2PeriphResetCmd                   0x08005321   Thumb Code    34  stm32f4xx_rcc.o(.text)
    RCC_AHB3PeriphResetCmd                   0x08005343   Thumb Code    34  stm32f4xx_rcc.o(.text)
    RCC_APB1PeriphResetCmd                   0x08005365   Thumb Code    34  stm32f4xx_rcc.o(.text)
    RCC_APB2PeriphResetCmd                   0x08005387   Thumb Code    34  stm32f4xx_rcc.o(.text)
    RCC_AHB1PeriphClockLPModeCmd             0x080053a9   Thumb Code    34  stm32f4xx_rcc.o(.text)
    RCC_AHB2PeriphClockLPModeCmd             0x080053cb   Thumb Code    34  stm32f4xx_rcc.o(.text)
    RCC_AHB3PeriphClockLPModeCmd             0x080053ed   Thumb Code    34  stm32f4xx_rcc.o(.text)
    RCC_APB1PeriphClockLPModeCmd             0x0800540f   Thumb Code    34  stm32f4xx_rcc.o(.text)
    RCC_APB2PeriphClockLPModeCmd             0x08005431   Thumb Code    34  stm32f4xx_rcc.o(.text)
    RCC_LSEModeConfig                        0x08005453   Thumb Code    40  stm32f4xx_rcc.o(.text)
    RCC_ITConfig                             0x0800547b   Thumb Code    34  stm32f4xx_rcc.o(.text)
    RCC_ClearFlag                            0x0800549d   Thumb Code    18  stm32f4xx_rcc.o(.text)
    RCC_GetITStatus                          0x080054af   Thumb Code    22  stm32f4xx_rcc.o(.text)
    RCC_ClearITPendingBit                    0x080054c5   Thumb Code     8  stm32f4xx_rcc.o(.text)
    USART_DeInit                             0x080054d1   Thumb Code   206  stm32f4xx_usart.o(.text)
    USART_Init                               0x0800559f   Thumb Code   204  stm32f4xx_usart.o(.text)
    USART_StructInit                         0x0800566b   Thumb Code    24  stm32f4xx_usart.o(.text)
    USART_ClockInit                          0x08005683   Thumb Code    32  stm32f4xx_usart.o(.text)
    USART_ClockStructInit                    0x080056a3   Thumb Code    12  stm32f4xx_usart.o(.text)
    USART_Cmd                                0x080056af   Thumb Code    24  stm32f4xx_usart.o(.text)
    USART_SetPrescaler                       0x080056c7   Thumb Code    16  stm32f4xx_usart.o(.text)
    USART_OverSampling8Cmd                   0x080056d7   Thumb Code    22  stm32f4xx_usart.o(.text)
    USART_OneBitMethodCmd                    0x080056ed   Thumb Code    24  stm32f4xx_usart.o(.text)
    USART_SendData                           0x08005705   Thumb Code     8  stm32f4xx_usart.o(.text)
    USART_ReceiveData                        0x0800570d   Thumb Code    10  stm32f4xx_usart.o(.text)
    USART_SetAddress                         0x08005717   Thumb Code    18  stm32f4xx_usart.o(.text)
    USART_ReceiverWakeUpCmd                  0x08005729   Thumb Code    24  stm32f4xx_usart.o(.text)
    USART_WakeUpConfig                       0x08005741   Thumb Code    18  stm32f4xx_usart.o(.text)
    USART_LINBreakDetectLengthConfig         0x08005753   Thumb Code    18  stm32f4xx_usart.o(.text)
    USART_LINCmd                             0x08005765   Thumb Code    24  stm32f4xx_usart.o(.text)
    USART_SendBreak                          0x0800577d   Thumb Code    10  stm32f4xx_usart.o(.text)
    USART_HalfDuplexCmd                      0x08005787   Thumb Code    24  stm32f4xx_usart.o(.text)
    USART_SetGuardTime                       0x0800579f   Thumb Code    16  stm32f4xx_usart.o(.text)
    USART_SmartCardCmd                       0x080057af   Thumb Code    24  stm32f4xx_usart.o(.text)
    USART_SmartCardNACKCmd                   0x080057c7   Thumb Code    24  stm32f4xx_usart.o(.text)
    USART_IrDAConfig                         0x080057df   Thumb Code    18  stm32f4xx_usart.o(.text)
    USART_IrDACmd                            0x080057f1   Thumb Code    24  stm32f4xx_usart.o(.text)
    USART_DMACmd                             0x08005809   Thumb Code    18  stm32f4xx_usart.o(.text)
    USART_ITConfig                           0x0800581b   Thumb Code    74  stm32f4xx_usart.o(.text)
    USART_GetFlagStatus                      0x08005865   Thumb Code    26  stm32f4xx_usart.o(.text)
    USART_ClearFlag                          0x0800587f   Thumb Code    18  stm32f4xx_usart.o(.text)
    USART_GetITStatus                        0x08005891   Thumb Code   118  stm32f4xx_usart.o(.text)
    USART_ClearITPendingBit                  0x08005907   Thumb Code    30  stm32f4xx_usart.o(.text)
    DMA_DeInit                               0x08005925   Thumb Code   324  stm32f4xx_dma.o(.text)
    DMA_Init                                 0x08005a69   Thumb Code    82  stm32f4xx_dma.o(.text)
    DMA_StructInit                           0x08005abb   Thumb Code    34  stm32f4xx_dma.o(.text)
    DMA_Cmd                                  0x08005add   Thumb Code    22  stm32f4xx_dma.o(.text)
    DMA_PeriphIncOffsetSizeConfig            0x08005af3   Thumb Code    22  stm32f4xx_dma.o(.text)
    DMA_FlowControllerConfig                 0x08005b09   Thumb Code    22  stm32f4xx_dma.o(.text)
    DMA_SetCurrDataCounter                   0x08005b1f   Thumb Code     4  stm32f4xx_dma.o(.text)
    DMA_GetCurrDataCounter                   0x08005b23   Thumb Code     8  stm32f4xx_dma.o(.text)
    DMA_DoubleBufferModeConfig               0x08005b2b   Thumb Code    24  stm32f4xx_dma.o(.text)
    DMA_DoubleBufferModeCmd                  0x08005b43   Thumb Code    22  stm32f4xx_dma.o(.text)
    DMA_MemoryTargetConfig                   0x08005b59   Thumb Code    10  stm32f4xx_dma.o(.text)
    DMA_GetCurrentMemoryTarget               0x08005b63   Thumb Code    20  stm32f4xx_dma.o(.text)
    DMA_GetCmdStatus                         0x08005b77   Thumb Code    20  stm32f4xx_dma.o(.text)
    DMA_GetFIFOStatus                        0x08005b8b   Thumb Code    12  stm32f4xx_dma.o(.text)
    DMA_GetFlagStatus                        0x08005b97   Thumb Code    56  stm32f4xx_dma.o(.text)
    DMA_ClearFlag                            0x08005bcf   Thumb Code    40  stm32f4xx_dma.o(.text)
    DMA_ITConfig                             0x08005bf7   Thumb Code    58  stm32f4xx_dma.o(.text)
    DMA_GetITStatus                          0x08005c31   Thumb Code    84  stm32f4xx_dma.o(.text)
    DMA_ClearITPendingBit                    0x08005c85   Thumb Code    40  stm32f4xx_dma.o(.text)
    TIM_DeInit                               0x08005ccd   Thumb Code   346  stm32f4xx_tim.o(.text)
    TIM_TimeBaseInit                         0x08005e27   Thumb Code   104  stm32f4xx_tim.o(.text)
    TIM_TimeBaseStructInit                   0x08005e8f   Thumb Code    18  stm32f4xx_tim.o(.text)
    TIM_PrescalerConfig                      0x08005ea1   Thumb Code     6  stm32f4xx_tim.o(.text)
    TIM_CounterModeConfig                    0x08005ea7   Thumb Code    18  stm32f4xx_tim.o(.text)
    TIM_SetCounter                           0x08005eb9   Thumb Code     4  stm32f4xx_tim.o(.text)
    TIM_SetAutoreload                        0x08005ebd   Thumb Code     4  stm32f4xx_tim.o(.text)
    TIM_GetCounter                           0x08005ec1   Thumb Code     6  stm32f4xx_tim.o(.text)
    TIM_GetPrescaler                         0x08005ec7   Thumb Code     6  stm32f4xx_tim.o(.text)
    TIM_UpdateDisableConfig                  0x08005ecd   Thumb Code    24  stm32f4xx_tim.o(.text)
    TIM_UpdateRequestConfig                  0x08005ee5   Thumb Code    24  stm32f4xx_tim.o(.text)
    TIM_ARRPreloadConfig                     0x08005efd   Thumb Code    24  stm32f4xx_tim.o(.text)
    TIM_SelectOnePulseMode                   0x08005f15   Thumb Code    18  stm32f4xx_tim.o(.text)
    TIM_SetClockDivision                     0x08005f27   Thumb Code    18  stm32f4xx_tim.o(.text)
    TIM_Cmd                                  0x08005f39   Thumb Code    24  stm32f4xx_tim.o(.text)
    TIM_OC1Init                              0x08005f51   Thumb Code   114  stm32f4xx_tim.o(.text)
    TIM_OC2Init                              0x08005fc3   Thumb Code   154  stm32f4xx_tim.o(.text)
    TIM_OC3Init                              0x0800605d   Thumb Code   204  stm32f4xx_tim.o(.text)
    TIM_OC4Init                              0x08006129   Thumb Code   112  stm32f4xx_tim.o(.text)
    TIM_OCStructInit                         0x08006199   Thumb Code    20  stm32f4xx_tim.o(.text)
    TIM_SelectOCxM                           0x080061ad   Thumb Code    86  stm32f4xx_tim.o(.text)
    TIM_SetCompare1                          0x08006203   Thumb Code     4  stm32f4xx_tim.o(.text)
    TIM_SetCompare2                          0x08006207   Thumb Code     4  stm32f4xx_tim.o(.text)
    TIM_SetCompare3                          0x0800620b   Thumb Code     4  stm32f4xx_tim.o(.text)
    TIM_SetCompare4                          0x0800620f   Thumb Code     4  stm32f4xx_tim.o(.text)
    TIM_ForcedOC1Config                      0x08006213   Thumb Code    18  stm32f4xx_tim.o(.text)
    TIM_ForcedOC2Config                      0x08006225   Thumb Code    26  stm32f4xx_tim.o(.text)
    TIM_ForcedOC3Config                      0x0800623f   Thumb Code    18  stm32f4xx_tim.o(.text)
    TIM_ForcedOC4Config                      0x08006251   Thumb Code    26  stm32f4xx_tim.o(.text)
    TIM_OC1PreloadConfig                     0x0800626b   Thumb Code    18  stm32f4xx_tim.o(.text)
    TIM_OC2PreloadConfig                     0x0800627d   Thumb Code    26  stm32f4xx_tim.o(.text)
    TIM_OC3PreloadConfig                     0x08006297   Thumb Code    18  stm32f4xx_tim.o(.text)
    TIM_OC4PreloadConfig                     0x080062a9   Thumb Code    26  stm32f4xx_tim.o(.text)
    TIM_OC1FastConfig                        0x080062c3   Thumb Code    18  stm32f4xx_tim.o(.text)
    TIM_OC2FastConfig                        0x080062d5   Thumb Code    26  stm32f4xx_tim.o(.text)
    TIM_OC3FastConfig                        0x080062ef   Thumb Code    18  stm32f4xx_tim.o(.text)
    TIM_OC4FastConfig                        0x08006301   Thumb Code    26  stm32f4xx_tim.o(.text)
    TIM_ClearOC1Ref                          0x0800631b   Thumb Code    18  stm32f4xx_tim.o(.text)
    TIM_ClearOC2Ref                          0x0800632d   Thumb Code    24  stm32f4xx_tim.o(.text)
    TIM_ClearOC3Ref                          0x08006345   Thumb Code    18  stm32f4xx_tim.o(.text)
    TIM_ClearOC4Ref                          0x08006357   Thumb Code    24  stm32f4xx_tim.o(.text)
    TIM_OC1PolarityConfig                    0x0800636f   Thumb Code    18  stm32f4xx_tim.o(.text)
    TIM_OC1NPolarityConfig                   0x08006381   Thumb Code    18  stm32f4xx_tim.o(.text)
    TIM_OC2PolarityConfig                    0x08006393   Thumb Code    26  stm32f4xx_tim.o(.text)
    TIM_OC2NPolarityConfig                   0x080063ad   Thumb Code    26  stm32f4xx_tim.o(.text)
    TIM_OC3PolarityConfig                    0x080063c7   Thumb Code    26  stm32f4xx_tim.o(.text)
    TIM_OC3NPolarityConfig                   0x080063e1   Thumb Code    26  stm32f4xx_tim.o(.text)
    TIM_OC4PolarityConfig                    0x080063fb   Thumb Code    26  stm32f4xx_tim.o(.text)
    TIM_CCxCmd                               0x08006415   Thumb Code    30  stm32f4xx_tim.o(.text)
    TIM_CCxNCmd                              0x08006433   Thumb Code    30  stm32f4xx_tim.o(.text)
    TIM_SetIC4Prescaler                      0x08006451   Thumb Code    26  stm32f4xx_tim.o(.text)
    TIM_SetIC3Prescaler                      0x080064bb   Thumb Code    18  stm32f4xx_tim.o(.text)
    TIM_SetIC2Prescaler                      0x08006515   Thumb Code    26  stm32f4xx_tim.o(.text)
    TIM_SetIC1Prescaler                      0x08006589   Thumb Code    18  stm32f4xx_tim.o(.text)
    TIM_ICInit                               0x080065d5   Thumb Code   110  stm32f4xx_tim.o(.text)
    TIM_ICStructInit                         0x08006643   Thumb Code    18  stm32f4xx_tim.o(.text)
    TIM_PWMIConfig                           0x08006655   Thumb Code   124  stm32f4xx_tim.o(.text)
    TIM_GetCapture1                          0x080066d1   Thumb Code     6  stm32f4xx_tim.o(.text)
    TIM_GetCapture2                          0x080066d7   Thumb Code     6  stm32f4xx_tim.o(.text)
    TIM_GetCapture3                          0x080066dd   Thumb Code     6  stm32f4xx_tim.o(.text)
    TIM_GetCapture4                          0x080066e3   Thumb Code     6  stm32f4xx_tim.o(.text)
    TIM_BDTRConfig                           0x080066e9   Thumb Code    32  stm32f4xx_tim.o(.text)
    TIM_BDTRStructInit                       0x08006709   Thumb Code    18  stm32f4xx_tim.o(.text)
    TIM_CtrlPWMOutputs                       0x0800671b   Thumb Code    30  stm32f4xx_tim.o(.text)
    TIM_SelectCOM                            0x08006739   Thumb Code    24  stm32f4xx_tim.o(.text)
    TIM_CCPreloadControl                     0x08006751   Thumb Code    24  stm32f4xx_tim.o(.text)
    TIM_ITConfig                             0x08006769   Thumb Code    18  stm32f4xx_tim.o(.text)
    TIM_GenerateEvent                        0x0800677b   Thumb Code     4  stm32f4xx_tim.o(.text)
    TIM_GetFlagStatus                        0x0800677f   Thumb Code    18  stm32f4xx_tim.o(.text)
    TIM_ClearFlag                            0x08006791   Thumb Code     6  stm32f4xx_tim.o(.text)
    TIM_GetITStatus                          0x08006797   Thumb Code    34  stm32f4xx_tim.o(.text)
    TIM_ClearITPendingBit                    0x080067b9   Thumb Code     6  stm32f4xx_tim.o(.text)
    TIM_DMAConfig                            0x080067bf   Thumb Code    10  stm32f4xx_tim.o(.text)
    TIM_DMACmd                               0x080067c9   Thumb Code    18  stm32f4xx_tim.o(.text)
    TIM_SelectCCDMA                          0x080067db   Thumb Code    24  stm32f4xx_tim.o(.text)
    TIM_InternalClockConfig                  0x080067f3   Thumb Code    12  stm32f4xx_tim.o(.text)
    TIM_SelectInputTrigger                   0x080067ff   Thumb Code    18  stm32f4xx_tim.o(.text)
    TIM_ITRxExternalClockConfig              0x08006811   Thumb Code    24  stm32f4xx_tim.o(.text)
    TIM_TIxExternalClockConfig               0x08006829   Thumb Code    62  stm32f4xx_tim.o(.text)
    TIM_ETRConfig                            0x08006867   Thumb Code    28  stm32f4xx_tim.o(.text)
    TIM_ETRClockMode1Config                  0x08006883   Thumb Code    54  stm32f4xx_tim.o(.text)
    TIM_ETRClockMode2Config                  0x080068b9   Thumb Code    32  stm32f4xx_tim.o(.text)
    TIM_SelectOutputTrigger                  0x080068d9   Thumb Code    18  stm32f4xx_tim.o(.text)
    TIM_SelectSlaveMode                      0x080068eb   Thumb Code    18  stm32f4xx_tim.o(.text)
    TIM_SelectMasterSlaveMode                0x080068fd   Thumb Code    18  stm32f4xx_tim.o(.text)
    TIM_EncoderInterfaceConfig               0x0800690f   Thumb Code    66  stm32f4xx_tim.o(.text)
    TIM_SelectHallSensor                     0x08006951   Thumb Code    24  stm32f4xx_tim.o(.text)
    TIM_RemapConfig                          0x08006969   Thumb Code     6  stm32f4xx_tim.o(.text)
    SPI_I2S_DeInit                           0x08006971   Thumb Code   152  stm32f4xx_spi.o(.text)
    SPI_Init                                 0x08006a09   Thumb Code    60  stm32f4xx_spi.o(.text)
    I2S_Init                                 0x08006a45   Thumb Code   396  stm32f4xx_spi.o(.text)
    SPI_StructInit                           0x08006bd1   Thumb Code    24  stm32f4xx_spi.o(.text)
    I2S_StructInit                           0x08006be9   Thumb Code    20  stm32f4xx_spi.o(.text)
    SPI_Cmd                                  0x08006bfd   Thumb Code    24  stm32f4xx_spi.o(.text)
    I2S_Cmd                                  0x08006c15   Thumb Code    24  stm32f4xx_spi.o(.text)
    SPI_DataSizeConfig                       0x08006c2d   Thumb Code    18  stm32f4xx_spi.o(.text)
    SPI_BiDirectionalLineConfig              0x08006c3f   Thumb Code    28  stm32f4xx_spi.o(.text)
    SPI_NSSInternalSoftwareConfig            0x08006c5b   Thumb Code    30  stm32f4xx_spi.o(.text)
    SPI_SSOutputCmd                          0x08006c79   Thumb Code    24  stm32f4xx_spi.o(.text)
    SPI_TIModeCmd                            0x08006c91   Thumb Code    24  stm32f4xx_spi.o(.text)
    I2S_FullDuplexConfig                     0x08006ca9   Thumb Code    80  stm32f4xx_spi.o(.text)
    SPI_I2S_ReceiveData                      0x08006cf9   Thumb Code     6  stm32f4xx_spi.o(.text)
    SPI_I2S_SendData                         0x08006cff   Thumb Code     4  stm32f4xx_spi.o(.text)
    SPI_CalculateCRC                         0x08006d03   Thumb Code    24  stm32f4xx_spi.o(.text)
    SPI_TransmitCRC                          0x08006d1b   Thumb Code    10  stm32f4xx_spi.o(.text)
    SPI_GetCRC                               0x08006d25   Thumb Code    16  stm32f4xx_spi.o(.text)
    SPI_GetCRCPolynomial                     0x08006d35   Thumb Code     6  stm32f4xx_spi.o(.text)
    SPI_I2S_DMACmd                           0x08006d3b   Thumb Code    18  stm32f4xx_spi.o(.text)
    SPI_I2S_ITConfig                         0x08006d4d   Thumb Code    68  stm32f4xx_spi.o(.text)
    SPI_I2S_GetFlagStatus                    0x08006d91   Thumb Code    18  stm32f4xx_spi.o(.text)
    SPI_I2S_ClearFlag                        0x08006da3   Thumb Code     6  stm32f4xx_spi.o(.text)
    SPI_I2S_GetITStatus                      0x08006da9   Thumb Code    52  stm32f4xx_spi.o(.text)
    SPI_I2S_ClearITPendingBit                0x08006ddd   Thumb Code    20  stm32f4xx_spi.o(.text)
    DCMI_DeInit                              0x08006df1   Thumb Code    24  stm32f4xx_dcmi.o(.text)
    DCMI_Init                                0x08006e09   Thumb Code    60  stm32f4xx_dcmi.o(.text)
    DCMI_StructInit                          0x08006e45   Thumb Code    18  stm32f4xx_dcmi.o(.text)
    DCMI_CROPConfig                          0x08006e57   Thumb Code    26  stm32f4xx_dcmi.o(.text)
    DCMI_CROPCmd                             0x08006e71   Thumb Code    30  stm32f4xx_dcmi.o(.text)
    DCMI_SetEmbeddedSynchroCodes             0x08006e8f   Thumb Code    26  stm32f4xx_dcmi.o(.text)
    DCMI_JPEGCmd                             0x08006ea9   Thumb Code    30  stm32f4xx_dcmi.o(.text)
    DCMI_Cmd                                 0x08006ec7   Thumb Code    30  stm32f4xx_dcmi.o(.text)
    DCMI_CaptureCmd                          0x08006ee5   Thumb Code    30  stm32f4xx_dcmi.o(.text)
    DCMI_ReadData                            0x08006f03   Thumb Code     6  stm32f4xx_dcmi.o(.text)
    DCMI_ITConfig                            0x08006f09   Thumb Code    30  stm32f4xx_dcmi.o(.text)
    DCMI_GetFlagStatus                       0x08006f27   Thumb Code    46  stm32f4xx_dcmi.o(.text)
    DCMI_ClearFlag                           0x08006f55   Thumb Code     6  stm32f4xx_dcmi.o(.text)
    DCMI_GetITStatus                         0x08006f5b   Thumb Code    24  stm32f4xx_dcmi.o(.text)
    DCMI_ClearITPendingBit                   0x08006f73   Thumb Code     6  stm32f4xx_dcmi.o(.text)
    mymemcpy                                 0x08006f7d   Thumb Code    26  malloc.o(.text)
    mymemset                                 0x08006f97   Thumb Code    20  malloc.o(.text)
    my_mem_init                              0x08006fab   Thumb Code    54  malloc.o(.text)
    my_mem_perused                           0x08006fe1   Thumb Code    54  malloc.o(.text)
    my_mem_malloc                            0x08007017   Thumb Code   154  malloc.o(.text)
    my_mem_free                              0x080070b1   Thumb Code    94  malloc.o(.text)
    myfree                                   0x0800710f   Thumb Code    32  malloc.o(.text)
    mymalloc                                 0x0800712f   Thumb Code    36  malloc.o(.text)
    myrealloc                                0x08007153   Thumb Code    68  malloc.o(.text)
    disk_initialize                          0x080071a9   Thumb Code    68  diskio.o(.text)
    disk_status                              0x080071ed   Thumb Code     6  diskio.o(.text)
    disk_read                                0x080071f3   Thumb Code   118  diskio.o(.text)
    disk_write                               0x08007269   Thumb Code    98  diskio.o(.text)
    disk_ioctl                               0x080072cb   Thumb Code   154  diskio.o(.text)
    get_fattime                              0x08007365   Thumb Code     4  diskio.o(.text)
    ff_memalloc                              0x08007369   Thumb Code    14  diskio.o(.text)
    ff_memfree                               0x08007377   Thumb Code    14  diskio.o(.text)
    clust2sect                               0x0800753b   Thumb Code    26  ff.o(.text)
    get_fat                                  0x08007555   Thumb Code   232  ff.o(.text)
    put_fat                                  0x0800763d   Thumb Code   310  ff.o(.text)
    dir_sdi                                  0x080078e7   Thumb Code   158  ff.o(.text)
    f_mount                                  0x08008959   Thumb Code    86  ff.o(.text)
    f_open                                   0x080089af   Thumb Code   384  ff.o(.text)
    f_read                                   0x08008b2f   Thumb Code   448  ff.o(.text)
    f_write                                  0x08008cef   Thumb Code   490  ff.o(.text)
    f_sync                                   0x08008ed9   Thumb Code   176  ff.o(.text)
    f_close                                  0x08008f89   Thumb Code    36  ff.o(.text)
    f_lseek                                  0x08008fad   Thumb Code   654  ff.o(.text)
    f_opendir                                0x0800923b   Thumb Code   136  ff.o(.text)
    f_closedir                               0x080092c3   Thumb Code    22  ff.o(.text)
    f_readdir                                0x080092d9   Thumb Code   114  ff.o(.text)
    f_stat                                   0x0800934b   Thumb Code    84  ff.o(.text)
    f_getfree                                0x0800939f   Thumb Code   258  ff.o(.text)
    f_truncate                               0x080094a1   Thumb Code   184  ff.o(.text)
    f_unlink                                 0x08009559   Thumb Code   194  ff.o(.text)
    f_mkdir                                  0x0800961b   Thumb Code   380  ff.o(.text)
    f_chmod                                  0x08009797   Thumb Code   112  ff.o(.text)
    f_utime                                  0x08009807   Thumb Code   110  ff.o(.text)
    f_rename                                 0x08009875   Thumb Code   314  ff.o(.text)
    f_getlabel                               0x080099af   Thumb Code   190  ff.o(.text)
    f_setlabel                               0x08009a6d   Thumb Code   470  ff.o(.text)
    f_mkfs                                   0x08009c43   Thumb Code  1570  ff.o(.text)
    f_gets                                   0x0800a265   Thumb Code    82  ff.o(.text)
    f_putc                                   0x0800a2fb   Thumb Code    64  ff.o(.text)
    f_puts                                   0x0800a33b   Thumb Code    74  ff.o(.text)
    f_printf                                 0x0800a385   Thumb Code   674  ff.o(.text)
    exfuns_init                              0x0800a629   Thumb Code   114  exfuns.o(.text)
    char_upper                               0x0800a69b   Thumb Code    26  exfuns.o(.text)
    f_typetell                               0x0800a6b5   Thumb Code   172  exfuns.o(.text)
    exf_getfree                              0x0800a761   Thumb Code    74  exfuns.o(.text)
    ff_convert                               0x0800a7c1   Thumb Code   146  mycc936.o(.text)
    ff_wtoupper                              0x0800a853   Thumb Code    46  mycc936.o(.text)
    rand                                     0x0800a88d   Thumb Code    20  rand.o(.text)
    srand                                    0x0800a8a1   Thumb Code     6  rand.o(.text)
    strcmp                                   0x0800a8b1   Thumb Code    28  strcmp.o(.text)
    strcpy                                   0x0800a8cd   Thumb Code    18  strcpy.o(.text)
    __aeabi_uldivmod                         0x0800a8df   Thumb Code    98  uldiv.o(.text)
    __scatterload                            0x0800a941   Thumb Code    28  init.o(.text)
    __scatterload_rt2                        0x0800a941   Thumb Code     0  init.o(.text)
    __aeabi_llsl                             0x0800a965   Thumb Code    30  llshl.o(.text)
    _ll_shift_l                              0x0800a965   Thumb Code     0  llshl.o(.text)
    __aeabi_llsr                             0x0800a983   Thumb Code    32  llushr.o(.text)
    _ll_ushift_r                             0x0800a983   Thumb Code     0  llushr.o(.text)
    __decompress                             0x0800a9a3   Thumb Code     0  __dczerorl2.o(.text)
    __decompress1                            0x0800a9a3   Thumb Code    86  __dczerorl2.o(.text)
    __0printf$5                              0x0800a9f9   Thumb Code    22  printf5.o(i.__0printf$5)
    __1printf$5                              0x0800a9f9   Thumb Code     0  printf5.o(i.__0printf$5)
    __2printf                                0x0800a9f9   Thumb Code     0  printf5.o(i.__0printf$5)
    __scatterload_copy                       0x0800aa19   Thumb Code    14  handlers.o(i.__scatterload_copy)
    __scatterload_null                       0x0800aa27   Thumb Code     2  handlers.o(i.__scatterload_null)
    __scatterload_zeroinit                   0x0800aa29   Thumb Code    14  handlers.o(i.__scatterload_zeroinit)
    ascii_1206                               0x0800acf8   Data        1140  lcd.o(.constdata)
    ascii_1608                               0x0800b16c   Data        1520  lcd.o(.constdata)
    ascii_2412                               0x0800b75c   Data        4560  lcd.o(.constdata)
    ascii_3216                               0x0800c92c   Data        6080  lcd.o(.constdata)
    tfont12                                  0x0800e0ec   Data         130  lcd.o(.constdata)
    tfont16                                  0x0800e16e   Data         170  lcd.o(.constdata)
    tfont24                                  0x0800e218   Data         370  lcd.o(.constdata)
    tfont32                                  0x0800e38a   Data         650  lcd.o(.constdata)
    MusicNoteFrequency                       0x0800e614   Data         124  beeper.o(.constdata)
    ov2640_sxga_init_reg_tbl                 0x0800e690   Data         356  ov2640.o(.constdata)
    ov2640_svga_init_reg_tbl                 0x0800e7f4   Data         354  ov2640.o(.constdata)
    ov2640_jpeg_reg_tbl                      0x0800e956   Data          14  ov2640.o(.constdata)
    ov2640_rgb565_reg_tbl                    0x0800e964   Data          28  ov2640.o(.constdata)
    ov2640_yuv422_reg_tbl                    0x0800e980   Data          16  ov2640.o(.constdata)
    memtblsize                               0x0800e9b8   Data          12  malloc.o(.constdata)
    memblksize                               0x0800e9c4   Data          12  malloc.o(.constdata)
    memsize                                  0x0800e9d0   Data          12  malloc.o(.constdata)
    FILE_TYPE_TBL                            0x0800ea18   Data         112  exfuns.o(.constdata)
    Region$$Table$$Base                      0x0800ee8c   Number         0  anon$$obj.o(Region$$Table)
    Region$$Table$$Limit                     0x0800eeac   Number         0  anon$$obj.o(Region$$Table)
    mem3base                                 0x10000000   Data        1024  malloc.o(.ARM.__AT_0x10000000)
    mem3mapbase                              0x10000400   Data          64  malloc.o(.ARM.__AT_0x10000400)
    color                                    0x20000000   Data           4  main.o(.data)
    Encoder_Num                              0x20000004   Data           1  main.o(.data)
    Key_Num                                  0x20000005   Data           1  main.o(.data)
    press_flag                               0x20000006   Data           1  main.o(.data)
    SystemCoreClock                          0x20000008   Data           4  system_stm32f4xx.o(.data)
    AHBPrescTable                            0x2000000c   Data          16  system_stm32f4xx.o(.data)
    Key_KeyNumber                            0x2000001c   Data           1  key.o(.data)
    Key_A0                                   0x2000001e   Data           8  key.o(.data)
    W25QXX_TYPE                              0x20000028   Data           2  w25qxx.o(.data)
    SD_Type                                  0x2000002a   Data           1  mmc_sd.o(.data)
    color_buff                               0x2000002e   Data           2  mydma.o(.data)
    MySound                                  0x20000030   Data           4  beeper.o(.data)
    BEEPER_KEYPRESS                          0x20000034   Data           8  beeper.o(.data)
    BEEPER_TRITONE                           0x2000003c   Data          16  beeper.o(.data)
    BEEPER_WARNING                           0x2000004c   Data          16  beeper.o(.data)
    BEEP1                                    0x2000005c   Data         112  beeper.o(.data)
    BEEP2                                    0x200000cc   Data         156  beeper.o(.data)
    Time_ms                                  0x20000168   Data           4  random.o(.data)
    Key_count                                0x2000016c   Data           1  random.o(.data)
    ov_frame_count                           0x2000016e   Data           2  random.o(.data)
    ov_frame                                 0x20000170   Data           1  dcmi.o(.data)
    Condition                                0x20000174   Data          24  dcmi.o(.data)
    temp_result                              0x2000018c   Data           1  dcmi.o(.data)
    Number2                                  0x2000018d   Data         128  dcmi.o(.data)
    Number3                                  0x2000020d   Data         128  dcmi.o(.data)
    Number4                                  0x2000028d   Data         128  dcmi.o(.data)
    Number5                                  0x2000030d   Data         128  dcmi.o(.data)
    Number6                                  0x2000038d   Data         128  dcmi.o(.data)
    Number7                                  0x2000040d   Data         128  dcmi.o(.data)
    Number9                                  0x2000048d   Data         128  dcmi.o(.data)
    tmpgrey                                  0x2000050e   Data           2  dcmi.o(.data)
    trace_result                             0x20000510   Data           1  dcmi.o(.data)
    Color_Block_y1                           0x20000512   Data           2  dcmi.o(.data)
    Color_Block_y2                           0x20000514   Data           2  dcmi.o(.data)
    Color_Block_x1                           0x20000516   Data           2  dcmi.o(.data)
    Color_Block_x2                           0x20000518   Data           2  dcmi.o(.data)
    __stdout                                 0x20000558   Data           4  usart.o(.data)
    USART_RX_STA                             0x2000055c   Data           2  usart.o(.data)
    mallco_dev                               0x20000570   Data          36  malloc.o(.data)
    FLASH_SECTOR_COUNT                       0x20000594   Data           2  diskio.o(.data)
    file                                     0x20000598   Data           4  exfuns.o(.data)
    ftemp                                    0x2000059c   Data           4  exfuns.o(.data)
    br                                       0x200005a0   Data           4  exfuns.o(.data)
    bw                                       0x200005a4   Data           4  exfuns.o(.data)
    fatbuf                                   0x200005a8   Data           4  exfuns.o(.data)
    tmp_buff                                 0x200005b0   Data       28800  main.o(.bss)
    lcd_buff                                 0x20007630   Data       57600  main.o(.bss)
    W25QXX_BUFFER                            0x20015730   Data        4096  w25qxx.o(.bss)
    Single_WS2812B_Buffer                    0x20016730   Data        6344  ws2812b.o(.bss)
    Beeper0                                  0x20017ff8   Data          12  beeper.o(.bss)
    Result                                   0x20018004   Data          16  dcmi.o(.bss)
    cut_buff                                 0x20018014   Data        8000  dcmi.o(.bss)
    reduc_buff                               0x20019f54   Data         128  dcmi.o(.bss)
    DCMI_InitStructure                       0x20019fd4   Data          14  dcmi.o(.bss)
    USART_RX_BUF                             0x20019fe2   Data         200  usart.o(.bss)
    mem1base                                 0x2001a0c0   Data       10240  malloc.o(.bss)
    mem1mapbase                              0x2001c8c0   Data         640  malloc.o(.bss)
    fs                                       0x2001cb4c   Data          12  exfuns.o(.bss)
    fileinfo                                 0x2001cb58   Data          32  exfuns.o(.bss)
    dir                                      0x2001cb78   Data          36  exfuns.o(.bss)
    ftinfo                                   0x2001cb9c   Data          33  fontupd.o(.bss)
    __initial_sp                             0x2001cfc0   Data           0  startup_stm32f40_41xxx.o(STACK)
    mem2base                                 0x68000000   Data        1024  malloc.o(.ARM.__AT_0x68000000)
    mem2mapbase                              0x68000400   Data          64  malloc.o(.ARM.__AT_0x68000400)



==============================================================================

Memory Map of the image

  Image Entry point : 0x08000189

  Load Region LR_IROM1 (Base: 0x08000000, Size: 0x0000f45c, Max: 0x00100000, ABSOLUTE, COMPRESSED[0x0000f02c])

    Execution Region ER_IROM1 (Exec base: 0x08000000, Load base: 0x08000000, Size: 0x0000eeac, Max: 0x00100000, ABSOLUTE)

    Exec Addr    Load Addr    Size         Type   Attr      Idx    E Section Name        Object

    0x08000000   0x08000000   0x00000188   Data   RO         1067    RESET               startup_stm32f40_41xxx.o
    0x08000188   0x08000188   0x00000000   Code   RO         1597  * .ARM.Collect$$$$00000000  mc_w.l(entry.o)
    0x08000188   0x08000188   0x00000004   Code   RO         1872    .ARM.Collect$$$$00000001  mc_w.l(entry2.o)
    0x0800018c   0x0800018c   0x00000004   Code   RO         1875    .ARM.Collect$$$$00000004  mc_w.l(entry5.o)
    0x08000190   0x08000190   0x00000000   Code   RO         1877    .ARM.Collect$$$$00000008  mc_w.l(entry7b.o)
    0x08000190   0x08000190   0x00000000   Code   RO         1879    .ARM.Collect$$$$0000000A  mc_w.l(entry8b.o)
    0x08000190   0x08000190   0x00000008   Code   RO         1880    .ARM.Collect$$$$0000000B  mc_w.l(entry9a.o)
    0x08000198   0x08000198   0x00000000   Code   RO         1882    .ARM.Collect$$$$0000000D  mc_w.l(entry10a.o)
    0x08000198   0x08000198   0x00000000   Code   RO         1884    .ARM.Collect$$$$0000000F  mc_w.l(entry11a.o)
    0x08000198   0x08000198   0x00000004   Code   RO         1873    .ARM.Collect$$$$00002712  mc_w.l(entry2.o)
    0x0800019c   0x0800019c   0x00000150   Code   RO            3    .text               main.o
    0x080002ec   0x080002ec   0x0000001a   Code   RO          224    .text               stm32f4xx_it.o
    0x08000306   0x08000306   0x00000002   PAD
    0x08000308   0x08000308   0x00000210   Code   RO          348    .text               system_stm32f4xx.o
    0x08000518   0x08000518   0x00000040   Code   RO          374    .text               led.o
    0x08000558   0x08000558   0x00000188   Code   RO          426    .text               key.o
    0x080006e0   0x080006e0   0x00000228   Code   RO          563    .text               spi.o
    0x08000908   0x08000908   0x00000368   Code   RO          589    .text               w25qxx.o
    0x08000c70   0x08000c70   0x00000534   Code   RO          620    .text               mmc_sd.o
    0x080011a4   0x080011a4   0x00000300   Code   RO          646    .text               ws2812b.o
    0x080014a4   0x080014a4   0x00000188   Code   RO          672    .text               encoder.o
    0x0800162c   0x0800162c   0x0000027c   Code   RO          696    .text               st7789_init.o
    0x080018a8   0x080018a8   0x00000074   Code   RO          725    .text               mydma.o
    0x0800191c   0x0800191c   0x00000f5c   Code   RO          748    .text               lcd.o
    0x08002878   0x08002878   0x00000224   Code   RO          820    .text               beeper.o
    0x08002a9c   0x08002a9c   0x00000134   Code   RO          855    .text               random.o
    0x08002bd0   0x08002bd0   0x00000bac   Code   RO          891    .text               dcmi.o
    0x0800377c   0x0800377c   0x000005f0   Code   RO          922    .text               ov2640.o
    0x08003d6c   0x08003d6c   0x00000298   Code   RO          954    .text               sccb.o
    0x08004004   0x08004004   0x0000088c   Code   RO          974    .text               easytracered.o
    0x08004890   0x08004890   0x00000104   Code   RO          996    .text               delay.o
    0x08004994   0x08004994   0x00000148   Code   RO         1036    .text               usart.o
    0x08004adc   0x08004adc   0x00000024   Code   RO         1068    .text               startup_stm32f40_41xxx.o
    0x08004b00   0x08004b00   0x000000e0   Code   RO         1074    .text               misc.o
    0x08004be0   0x08004be0   0x00000294   Code   RO         1094    .text               stm32f4xx_gpio.o
    0x08004e74   0x08004e74   0x0000065c   Code   RO         1134    .text               stm32f4xx_rcc.o
    0x080054d0   0x080054d0   0x00000454   Code   RO         1176    .text               stm32f4xx_usart.o
    0x08005924   0x08005924   0x000003a8   Code   RO         1196    .text               stm32f4xx_dma.o
    0x08005ccc   0x08005ccc   0x00000ca2   Code   RO         1216    .text               stm32f4xx_tim.o
    0x0800696e   0x0800696e   0x00000002   PAD
    0x08006970   0x08006970   0x00000480   Code   RO         1236    .text               stm32f4xx_spi.o
    0x08006df0   0x08006df0   0x0000018c   Code   RO         1296    .text               stm32f4xx_dcmi.o
    0x08006f7c   0x08006f7c   0x0000022c   Code   RO         1316    .text               malloc.o
    0x080071a8   0x080071a8   0x000001e4   Code   RO         1348    .text               diskio.o
    0x0800738c   0x0800738c   0x0000329a   Code   RO         1387    .text               ff.o
    0x0800a626   0x0800a626   0x00000002   PAD
    0x0800a628   0x0800a628   0x00000198   Code   RO         1414    .text               exfuns.o
    0x0800a7c0   0x0800a7c0   0x000000cc   Code   RO         1488    .text               mycc936.o
    0x0800a88c   0x0800a88c   0x00000024   Code   RO         1600    .text               mc_w.l(rand.o)
    0x0800a8b0   0x0800a8b0   0x0000001c   Code   RO         1607    .text               mc_w.l(strcmp.o)
    0x0800a8cc   0x0800a8cc   0x00000012   Code   RO         1609    .text               mc_w.l(strcpy.o)
    0x0800a8de   0x0800a8de   0x00000062   Code   RO         1888    .text               mc_w.l(uldiv.o)
    0x0800a940   0x0800a940   0x00000024   Code   RO         1901    .text               mc_w.l(init.o)
    0x0800a964   0x0800a964   0x0000001e   Code   RO         1903    .text               mc_w.l(llshl.o)
    0x0800a982   0x0800a982   0x00000020   Code   RO         1905    .text               mc_w.l(llushr.o)
    0x0800a9a2   0x0800a9a2   0x00000056   Code   RO         1919    .text               mc_w.l(__dczerorl2.o)
    0x0800a9f8   0x0800a9f8   0x00000020   Code   RO         1744    i.__0printf$5       mc_w.l(printf5.o)
    0x0800aa18   0x0800aa18   0x0000000e   Code   RO         1913    i.__scatterload_copy  mc_w.l(handlers.o)
    0x0800aa26   0x0800aa26   0x00000002   Code   RO         1914    i.__scatterload_null  mc_w.l(handlers.o)
    0x0800aa28   0x0800aa28   0x0000000e   Code   RO         1915    i.__scatterload_zeroinit  mc_w.l(handlers.o)
    0x0800aa36   0x0800aa36   0x00000002   PAD
    0x0800aa38   0x0800aa38   0x000002c0   Code   RO         1751    i._printf_core      mc_w.l(printf5.o)
    0x0800acf8   0x0800acf8   0x0000391c   Data   RO          749    .constdata          lcd.o
    0x0800e614   0x0800e614   0x0000007c   Data   RO          822    .constdata          beeper.o
    0x0800e690   0x0800e690   0x00000328   Data   RO          923    .constdata          ov2640.o
    0x0800e9b8   0x0800e9b8   0x00000024   Data   RO         1322    .constdata          malloc.o
    0x0800e9dc   0x0800e9dc   0x0000003a   Data   RO         1389    .constdata          ff.o
    0x0800ea16   0x0800ea16   0x00000002   PAD
    0x0800ea18   0x0800ea18   0x00000070   Data   RO         1416    .constdata          exfuns.o
    0x0800ea88   0x0800ea88   0x000003c0   Data   RO         1489    .constdata          mycc936.o
    0x0800ee48   0x0800ee48   0x00000044   Data   RO         1417    .conststring        exfuns.o
    0x0800ee8c   0x0800ee8c   0x00000020   Data   RO         1911    Region$$Table       anon$$obj.o


    Execution Region RW_IRAM1 (Exec base: 0x20000000, Load base: 0x0800eeac, Size: 0x0001cfc0, Max: 0x00020000, ABSOLUTE, COMPRESSED[0x00000180])

    Exec Addr    Load Addr    Size         Type   Attr      Idx    E Section Name        Object

    0x20000000   COMPRESSED   0x00000007   Data   RW            5    .data               main.o
    0x20000007   COMPRESSED   0x00000001   PAD
    0x20000008   COMPRESSED   0x00000014   Data   RW          349    .data               system_stm32f4xx.o
    0x2000001c   COMPRESSED   0x0000000c   Data   RW          427    .data               key.o
    0x20000028   COMPRESSED   0x00000002   Data   RW          591    .data               w25qxx.o
    0x2000002a   COMPRESSED   0x00000001   Data   RW          621    .data               mmc_sd.o
    0x2000002b   COMPRESSED   0x00000002   Data   RW          673    .data               encoder.o
    0x2000002d   COMPRESSED   0x00000001   PAD
    0x2000002e   COMPRESSED   0x00000002   Data   RW          726    .data               mydma.o
    0x20000030   COMPRESSED   0x00000138   Data   RW          823    .data               beeper.o
    0x20000168   COMPRESSED   0x00000008   Data   RW          856    .data               random.o
    0x20000170   COMPRESSED   0x000003aa   Data   RW          893    .data               dcmi.o
    0x2000051a   COMPRESSED   0x00000002   PAD
    0x2000051c   COMPRESSED   0x00000038   Data   RW          975    .data               easytracered.o
    0x20000554   COMPRESSED   0x00000004   Data   RW          997    .data               delay.o
    0x20000558   COMPRESSED   0x00000006   Data   RW         1038    .data               usart.o
    0x2000055e   COMPRESSED   0x00000010   Data   RW         1135    .data               stm32f4xx_rcc.o
    0x2000056e   COMPRESSED   0x00000002   PAD
    0x20000570   COMPRESSED   0x00000024   Data   RW         1323    .data               malloc.o
    0x20000594   COMPRESSED   0x00000002   Data   RW         1349    .data               diskio.o
    0x20000596   COMPRESSED   0x00000002   Data   RW         1390    .data               ff.o
    0x20000598   COMPRESSED   0x00000014   Data   RW         1418    .data               exfuns.o
    0x200005ac   COMPRESSED   0x00000004   Data   RW         1601    .data               mc_w.l(rand.o)
    0x200005b0        -       0x00015180   Zero   RW            4    .bss                main.o
    0x20015730        -       0x00001000   Zero   RW          590    .bss                w25qxx.o
    0x20016730        -       0x000018c8   Zero   RW          647    .bss                ws2812b.o
    0x20017ff8        -       0x0000000c   Zero   RW          821    .bss                beeper.o
    0x20018004        -       0x00001fde   Zero   RW          892    .bss                dcmi.o
    0x20019fe2        -       0x000000c8   Zero   RW         1037    .bss                usart.o
    0x2001a0aa   COMPRESSED   0x00000016   PAD
    0x2001a0c0        -       0x00002a80   Zero   RW         1321    .bss                malloc.o
    0x2001cb40        -       0x0000000c   Zero   RW         1388    .bss                ff.o
    0x2001cb4c        -       0x00000050   Zero   RW         1415    .bss                exfuns.o
    0x2001cb9c        -       0x00000021   Zero   RW         1514    .bss                fontupd.o
    0x2001cbbd   COMPRESSED   0x00000003   PAD
    0x2001cbc0        -       0x00000400   Zero   RW         1065    STACK               startup_stm32f40_41xxx.o



  Load Region LR$$.ARM.__AT_0x10000000 (Base: 0x10000000, Size: 0x00000000, Max: 0x00000400, ABSOLUTE)

    Execution Region ER$$.ARM.__AT_0x10000000 (Exec base: 0x10000000, Load base: 0x10000000, Size: 0x00000400, Max: 0x00000400, ABSOLUTE, UNINIT)

    Exec Addr    Load Addr    Size         Type   Attr      Idx    E Section Name        Object

    0x10000000        -       0x00000400   Zero   RW         1317    .ARM.__AT_0x10000000  malloc.o



  Load Region LR$$.ARM.__AT_0x10000400 (Base: 0x10000400, Size: 0x00000000, Max: 0x00000040, ABSOLUTE)

    Execution Region ER$$.ARM.__AT_0x10000400 (Exec base: 0x10000400, Load base: 0x10000400, Size: 0x00000040, Max: 0x00000040, ABSOLUTE, UNINIT)

    Exec Addr    Load Addr    Size         Type   Attr      Idx    E Section Name        Object

    0x10000400        -       0x00000040   Zero   RW         1318    .ARM.__AT_0x10000400  malloc.o



  Load Region LR$$.ARM.__AT_0x68000000 (Base: 0x68000000, Size: 0x00000000, Max: 0x00000400, ABSOLUTE)

    Execution Region ER$$.ARM.__AT_0x68000000 (Exec base: 0x68000000, Load base: 0x68000000, Size: 0x00000400, Max: 0x00000400, ABSOLUTE, UNINIT)

    Exec Addr    Load Addr    Size         Type   Attr      Idx    E Section Name        Object

    0x68000000        -       0x00000400   Zero   RW         1319    .ARM.__AT_0x68000000  malloc.o



  Load Region LR$$.ARM.__AT_0x68000400 (Base: 0x68000400, Size: 0x00000000, Max: 0x00000040, ABSOLUTE)

    Execution Region ER$$.ARM.__AT_0x68000400 (Exec base: 0x68000400, Load base: 0x68000400, Size: 0x00000040, Max: 0x00000040, ABSOLUTE, UNINIT)

    Exec Addr    Load Addr    Size         Type   Attr      Idx    E Section Name        Object

    0x68000400        -       0x00000040   Zero   RW         1320    .ARM.__AT_0x68000400  malloc.o


==============================================================================

Image component sizes


      Code (inc. data)   RO Data    RW Data    ZI Data      Debug   Object Name

       548         30        124        312         12       4115   beeper.o
      2988        238          0        938       8158       8753   dcmi.o
       260          8          0          4          0       1561   delay.o
       484          8          0          2          0       5054   diskio.o
      2188         54          0         56          0       7837   easytracered.o
       392         16          0          2          0       1453   encoder.o
       408         22        180         20         80       2924   exfuns.o
     12954        136         58          2         12      38490   ff.o
         0          0          0          0         33       4741   fontupd.o
       392         30          0         12          0     258187   key.o
      3932         90      14620          0          0      14754   lcd.o
        64          4          0          0          0     229799   led.o
       336         80          0          7      86400     262751   main.o
       556         18         36         36      13056       5137   malloc.o
       224         20          0          0          0       1897   misc.o
      1332         20          0          1          0       5986   mmc_sd.o
       204         12        960          0          0       1761   mycc936.o
       116         14          0          2          0       1261   mydma.o
      1520         72        808          0          0       6229   ov2640.o
       308         38          0          8          0       1709   random.o
       664         14          0          0          0       2119   sccb.o
       552         18          0          0          0       1612   spi.o
       636         10          0          0          0       1843   st7789_init.o
        36          8        392          0       1024        856   startup_stm32f40_41xxx.o
       396          4          0          0          0       3558   stm32f4xx_dcmi.o
       936         32          0          0          0       6477   stm32f4xx_dma.o
       660         44          0          0          0       4241   stm32f4xx_gpio.o
        26          0          0          0          0      74070   stm32f4xx_it.o
      1628         52          0         16          0      13152   stm32f4xx_rcc.o
      1152         36          0          0          0       6989   stm32f4xx_spi.o
      3234         60          0          0          0      23096   stm32f4xx_tim.o
      1108         34          0          0          0       7964   stm32f4xx_usart.o
       528         46          0         20          0       1899   system_stm32f4xx.o
       328         16          0          6        200       3438   usart.o
       872         30          0          2       4096       4593   w25qxx.o
       768         20          0          0       6344       3463   ws2812b.o

    ----------------------------------------------------------------------
     42736       1334      17212       1452     119440    1023769   Object Totals
         0          0         32          0          0          0   (incl. Generated)
         6          0          2          6         25          0   (incl. Padding)

    ----------------------------------------------------------------------

      Code (inc. data)   RO Data    RW Data    ZI Data      Debug   Library Member Name

        86          0          0          0          0          0   __dczerorl2.o
         0          0          0          0          0          0   entry.o
         0          0          0          0          0          0   entry10a.o
         0          0          0          0          0          0   entry11a.o
         8          4          0          0          0          0   entry2.o
         4          0          0          0          0          0   entry5.o
         0          0          0          0          0          0   entry7b.o
         0          0          0          0          0          0   entry8b.o
         8          4          0          0          0          0   entry9a.o
        30          0          0          0          0          0   handlers.o
        36          8          0          0          0         68   init.o
        30          0          0          0          0         68   llshl.o
        32          0          0          0          0         68   llushr.o
       736         56          0          0          0        184   printf5.o
        36         10          0          4          0        136   rand.o
        28          0          0          0          0         76   strcmp.o
        18          0          0          0          0         68   strcpy.o
        98          0          0          0          0         92   uldiv.o

    ----------------------------------------------------------------------
      1152         82          0          4          0        760   Library Totals
         2          0          0          0          0          0   (incl. Padding)

    ----------------------------------------------------------------------

      Code (inc. data)   RO Data    RW Data    ZI Data      Debug   Library Name

      1150         82          0          4          0        760   mc_w.l

    ----------------------------------------------------------------------
      1152         82          0          4          0        760   Library Totals

    ----------------------------------------------------------------------

==============================================================================


      Code (inc. data)   RO Data    RW Data    ZI Data      Debug   

     43888       1416      17212       1456     119440    1018353   Grand Totals
     43888       1416      17212        384     119440    1018353   ELF Image Totals (compressed)
     43888       1416      17212        384          0          0   ROM Totals

==============================================================================

    Total RO  Size (Code + RO Data)                61100 (  59.67kB)
    Total RW  Size (RW Data + ZI Data)            120896 ( 118.06kB)
    Total ROM Size (Code + RO Data + RW Data)      61484 (  60.04kB)

==============================================================================

